nx_alive.c:32:7:NX_ALIVE_Initialize	0	static
nx_alive.c:51:6:NX_ALIVE_GetNumberOfModule	0	static
nx_alive.c:63:6:NX_ALIVE_GetPhysicalAddress	0	static
nx_alive.c:73:6:NX_ALIVE_GetSizeOfRegisterSet	0	static
nx_alive.c:84:6:NX_ALIVE_SetBaseAddress	0	static
nx_alive.c:96:7:NX_ALIVE_GetBaseAddress	0	static
nx_alive.c:107:7:NX_ALIVE_OpenModule	0	static
nx_alive.c:118:7:NX_ALIVE_CloseModule	0	static
nx_alive.c:129:7:NX_ALIVE_CheckBusy	0	static
nx_alive.c:140:7:NX_ALIVE_CanPowerDown	0	static
nx_alive.c:152:6:NX_ALIVE_GetInterruptNumber	0	static
nx_alive.c:205:6:NX_ALIVE_SetInterruptEnable	0	static
nx_alive.c:234:7:NX_ALIVE_GetInterruptEnable	0	static
nx_alive.c:251:6:NX_ALIVE_SetInterruptEnable32	0	static
nx_alive.c:275:6:NX_ALIVE_GetInterruptEnable32	0	static
nx_alive.c:290:7:NX_ALIVE_GetInterruptPending	0	static
nx_alive.c:308:6:NX_ALIVE_GetInterruptPending32	0	static
nx_alive.c:322:6:NX_ALIVE_ClearInterruptPending	0	static
nx_alive.c:339:6:NX_ALIVE_ClearInterruptPending32	0	static
nx_alive.c:353:6:NX_ALIVE_SetInterruptEnableAll	0	static
nx_alive.c:373:7:NX_ALIVE_GetInterruptEnableAll	0	static
nx_alive.c:393:7:NX_ALIVE_GetInterruptPendingAll	0	static
nx_alive.c:412:6:NX_ALIVE_ClearInterruptPendingAll	0	static
nx_alive.c:426:6:NX_ALIVE_GetInterruptPendingNumber	0	static
nx_alive.c:474:6:NX_ALIVE_SetWriteEnable	0	static
nx_alive.c:488:7:NX_ALIVE_GetWriteEnable	0	static
nx_alive.c:503:6:NX_ALIVE_SetScratchReg	0	static
nx_alive.c:516:6:NX_ALIVE_GetScratchReg	0	static
nx_alive.c:532:6:NX_ALIVE_SetPullUpEnable	0	static
nx_alive.c:551:9:NX_ALIVE_SetPullUpEnable32	0	static
nx_alive.c:565:7:NX_ALIVE_GetPullUpEnable	0	static
nx_alive.c:619:6:NX_ALIVE_SetPadRetentionEnable	0	static
nx_alive.c:650:7:NX_ALIVE_GetPadRetentionEnable	0	static
nx_alive.c:706:6:NX_ALIVE_SetPadRetentionHold	0	static
nx_alive.c:730:7:NX_ALIVE_GetPadRetentionHold	0	static
nx_alive.c:754:6:NX_ALIVE_SetDetectEnable	0	static
nx_alive.c:774:6:NX_ALIVE_SetDetectEnable32	0	static
nx_alive.c:789:7:NX_ALIVE_GetDetectEnable	0	static
nx_alive.c:807:6:NX_ALIVE_SetDetectMode	0	static
nx_alive.c:869:6:NX_ALIVE_SetDetectMode32	16	static
nx_alive.c:885:7:NX_ALIVE_GetDetectMode	0	static
nx_alive.c:938:7:NX_ALIVE_GetVDDPWRTOGGLE	0	static
nx_alive.c:960:6:NX_ALIVE_SetOutputEnable	0	static
nx_alive.c:989:7:NX_ALIVE_SetOutputEnable32	0	static
nx_alive.c:995:6:NX_ALIVE_SetInputEnable32	0	static
nx_alive.c:1007:7:NX_ALIVE_GetOutputEnable	0	static
nx_alive.c:1015:6:NX_ALIVE_GetOutputEnable32	0	static
nx_alive.c:1021:7:NX_ALIVE_GetInputEnable	0	static
nx_alive.c:1029:6:NX_ALIVE_GetInputEnable32	0	static
nx_alive.c:1044:6:NX_ALIVE_SetOutputValue	0	static
nx_alive.c:1064:9:NX_ALIVE_SetOutputValue32	0	static
nx_alive.c:1078:7:NX_ALIVE_GetOutputValue	0	static
nx_alive.c:1086:9:NX_ALIVE_GetOutputValue32	0	static
nx_alive.c:1102:7:NX_ALIVE_GetInputValue	0	static
nx_alive.c:1110:9:NX_ALIVE_GetInputValue32	0	static
nx_alive.c:1131:6:NX_ALIVE_SetVDDPWRON	0	static
nx_alive.c:1157:7:NX_ALIVE_GetVDDPWRON	0	static
nx_alive.c:1172:7:NX_ALIVE_GetVDDPWRON_DDR	0	static
nx_alive.c:1187:5:NX_ALIVE_GetCorePowerOffDelayTime	0	static
nx_alive.c:1193:7:NX_ALIVE_SetCorePowerOffDelayTime	0	static
nx_alive.c:1199:6:NX_ALIVE_GetWakeUpStatus	0	static
nx_alive.c:1210:7:NX_ALIVE_ClearWakeUpStatus	0	static
