nx_clkpwr.c:37:7:NX_CLKPWR_Initialize	0	static
nx_clkpwr.c:57:6:NX_CLKPWR_GetNumberOfModule	0	static
nx_clkpwr.c:73:6:NX_CLKPWR_GetPhysicalAddress	0	static
nx_clkpwr.c:87:6:NX_CLKPWR_GetSizeOfRegisterSet	0	static
nx_clkpwr.c:102:6:NX_CLKPWR_SetBaseAddress	0	static
nx_clkpwr.c:118:7:NX_CLKPWR_GetBaseAddress	0	static
nx_clkpwr.c:133:7:NX_CLKPWR_OpenModule	0	static
nx_clkpwr.c:148:7:NX_CLKPWR_CloseModule	0	static
nx_clkpwr.c:207:6:NX_CLKPWR_GetInterruptNumber	0	static
nx_clkpwr.c:229:6:NX_CLKPWR_SetInterruptEnable	0	static
nx_clkpwr.c:273:7:NX_CLKPWR_GetInterruptEnable	0	static
nx_clkpwr.c:307:6:NX_CLKPWR_SetInterruptEnable32	0	static
nx_clkpwr.c:338:6:NX_CLKPWR_GetInterruptEnable32	0	static
nx_clkpwr.c:364:7:NX_CLKPWR_GetInterruptPending	0	static
nx_clkpwr.c:399:6:NX_CLKPWR_GetInterruptPending32	0	static
nx_clkpwr.c:424:6:NX_CLKPWR_ClearInterruptPending	0	static
nx_clkpwr.c:458:6:NX_CLKPWR_ClearInterruptPending32	0	static
nx_clkpwr.c:483:6:NX_CLKPWR_SetInterruptEnableAll	0	static
nx_clkpwr.c:512:7:NX_CLKPWR_GetInterruptEnableAll	0	static
nx_clkpwr.c:540:7:NX_CLKPWR_GetInterruptPendingAll	0	static
nx_clkpwr.c:568:6:NX_CLKPWR_ClearInterruptPendingAll	0	static
nx_clkpwr.c:591:6:NX_CLKPWR_GetInterruptPendingNumber	0	static
nx_clkpwr.c:639:6:NX_CLKPWR_SetPLLPMS	8	static
nx_clkpwr.c:661:6:NX_CLKPWR_GetPLLFreq	24	static
nx_clkpwr.c:684:6:NX_CLKPWR_SetPLLDither	16	static
nx_clkpwr.c:762:6:NX_CLKPWR_DoPLLChange	0	static
nx_clkpwr.c:781:7:NX_CLKPWR_IsPLLStable	0	static
nx_clkpwr.c:163:7:NX_CLKPWR_CheckBusy	8	static
nx_clkpwr.c:183:7:NX_CLKPWR_CanPowerDown	8	static
nx_clkpwr.c:803:6:NX_CLKPWR_SetClockCPU	0	static
nx_clkpwr.c:835:6:NX_CLKPWR_SetClockDivider2	0	static
nx_clkpwr.c:855:6:NX_CLKPWR_SetClockDivider3	0	static
nx_clkpwr.c:879:6:NX_CLKPWR_SetClockDivider4	0	static
nx_clkpwr.c:978:6:NX_CLKPWR_SetRTCWakeUpEnable	0	static
nx_clkpwr.c:1006:7:NX_CLKPWR_GetRTCWakeUpEnable	0	static
nx_clkpwr.c:1028:6:NX_CLKPWR_SetALIVEGPIOWakeupEnable	0	static
nx_clkpwr.c:1044:6:NX_CLKPWR_SetALIVEGPIOWakeupEnableAll	16	static
nx_clkpwr.c:1076:7:NX_CLKPWR_GetALIVEGPIOWakeupEnable	0	static
nx_clkpwr.c:1096:6:NX_CLKPWR_SetALIVEGPIOWakeUpRiseEdgeDetectEnable	0	static
nx_clkpwr.c:1123:7:NX_CLKPWR_GetALIVEGPIOWakeUpRiseEdgeDetectEnable	0	static
nx_clkpwr.c:1143:6:NX_CLKPWR_SetALIVEGPIOWakeUpFallEdgeDetectEnable	0	static
nx_clkpwr.c:1170:7:NX_CLKPWR_GetALIVEGPIOWakeUpFallEdgeDetectEnable	0	static
nx_clkpwr.c:1189:6:NX_CLKPWR_SetSoftwareResetEnable	0	static
nx_clkpwr.c:1215:7:NX_CLKPWR_GetSoftwareResetEnable	0	static
nx_clkpwr.c:1232:6:NX_CLKPWR_DoSoftwareReset	0	static
nx_clkpwr.c:1253:6:NX_CLKPWR_SetALIVEGPIOResetEnable	0	static
nx_clkpwr.c:1055:6:NX_CLKPWR_SetALIVEGPIOResetEnableAll	16	static
nx_clkpwr.c:1277:7:NX_CLKPWR_GetALIVEGPIOResetEnable	0	static
nx_clkpwr.c:1307:23:NX_CLKPWR_GetResetStatus	0	static
nx_clkpwr.c:1335:6:NX_CLKPWR_GoStopMode	0	static
nx_clkpwr.c:1344:6:NX_CLKPWR_SetImmediateSleepEnable	8	static
nx_clkpwr.c:1360:6:NX_CLKPWR_GoIdleMode	0	static
nx_clkpwr.c:1390:21:NX_CLKPWR_GetLastPowerMode	0	static
nx_clkpwr.c:1410:6:NX_CLKPWR_SetScratchPad	0	static
nx_clkpwr.c:1425:6:NX_CLKPWR_GetScratchPad	0	static
nx_clkpwr.c:1437:6:NX_CLKPWR_GetSystemResetConfiguration	0	static
nx_clkpwr.c:1458:6:NX_CLKPWR_SetGPIOPadStrength	4	static
nx_clkpwr.c:1506:6:NX_CLKPWR_GetGPIOPadStrength	0	static
nx_clkpwr.c:1555:6:NX_CLKPWR_SetBusPadStrength	0	static
nx_clkpwr.c:1599:6:NX_CLKPWR_GetBusPadStrength	0	static
nx_clkpwr.c:1630:6:NX_CLKPWR_SetPllOutGMux	8	static
nx_clkpwr.c:1639:6:NX_CLKPWR_UpdatePllSetReg	8	static
nx_clkpwr.c:1647:7:NX_CLKPWR_IsPLLStableUpdate	0	static
nx_clkpwr.c:1655:6:NX_CLKPWR_SetPLLPower	8	static
