nx_clkgen.c:25:7:NX_CLKGEN_Initialize	0	static
nx_clkgen.c:43:7:NX_CLKGEN_GetNumberOfModule	0	static
nx_clkgen.c:48:7:NX_CLKGEN_GetPhysicalAddress	0	static
nx_clkgen.c:57:7:NX_CLKGEN_GetSizeOfRegisterSet	0	static
nx_clkgen.c:62:7:NX_CLKGEN_SetBaseAddress	0	static
nx_clkgen.c:70:8:NX_CLKGEN_GetBaseAddress	0	static
nx_clkgen.c:78:6:NX_CLKGEN_SetClockBClkMode	0	static
nx_clkgen.c:105:13:NX_CLKGEN_GetClockBClkMode	0	static
nx_clkgen.c:127:6:NX_CLKGEN_SetClockPClkMode	0	static
nx_clkgen.c:164:13:NX_CLKGEN_GetClockPClkMode	0	static
nx_clkgen.c:196:6:NX_CLKGEN_SetClockSource	0	static
nx_clkgen.c:232:8:NX_CLKGEN_GetClockSource	0	static
nx_clkgen.c:260:8:NX_CLKGEN_SetClockDivisor	0	static
nx_clkgen.c:295:8:NX_CLKGEN_GetClockDivisor	0	static
nx_clkgen.c:322:8:NX_CLKGEN_SetClockDivisorEnable	0	static
nx_clkgen.c:354:9:NX_CLKGEN_GetClockDivisorEnable	0	static
nx_clkgen.c:368:8:NX_CLKGEN_SetClockOutInv	0	static
nx_clkgen.c:391:9:NX_CLKGEN_GetClockOutInv	0	static
nx_clkgen.c:435:8:NX_CLKGEN_SetInputInv	0	static
nx_clkgen.c:459:8:NX_CLKGEN_GetInputInv	0	static
