nx_dpc.c:38:7:NX_DPC_Initialize	0	static
nx_dpc.c:62:6:NX_DPC_GetNumberOfModule	0	static
nx_dpc.c:79:6:NX_DPC_GetPhysicalAddress	8	static
nx_dpc.c:99:6:NX_DPC_GetSizeOfRegisterSet	0	static
nx_dpc.c:115:6:NX_DPC_SetBaseAddress	0	static
nx_dpc.c:133:7:NX_DPC_GetBaseAddress	0	static
nx_dpc.c:151:7:NX_DPC_OpenModule	0	static
nx_dpc.c:168:7:NX_DPC_CloseModule	0	static
nx_dpc.c:185:7:NX_DPC_CheckBusy	0	static
nx_dpc.c:202:7:NX_DPC_CanPowerDown	0	static
nx_dpc.c:223:6:NX_DPC_GetInterruptNumber	0	static
nx_dpc.c:253:6:NX_DPC_SetInterruptEnable	0	static
nx_dpc.c:295:7:NX_DPC_GetInterruptEnable	0	static
nx_dpc.c:322:6:NX_DPC_SetInterruptEnable32	0	static
nx_dpc.c:360:6:NX_DPC_GetInterruptEnable32	0	static
nx_dpc.c:387:7:NX_DPC_GetInterruptPending	0	static
nx_dpc.c:414:6:NX_DPC_GetInterruptPending32	0	static
nx_dpc.c:440:6:NX_DPC_ClearInterruptPending	0	static
nx_dpc.c:475:6:NX_DPC_ClearInterruptPending32	0	static
nx_dpc.c:509:6:NX_DPC_SetInterruptEnableAll	0	static
nx_dpc.c:548:7:NX_DPC_GetInterruptEnableAll	0	static
nx_dpc.c:573:7:NX_DPC_GetInterruptPendingAll	0	static
nx_dpc.c:597:6:NX_DPC_ClearInterruptPendingAll	0	static
nx_dpc.c:630:6:NX_DPC_GetInterruptPendingNumber	0	static
nx_dpc.c:670:8:NX_DPC_SetClockPClkMode	0	static
nx_dpc.c:714:13:NX_DPC_GetClockPClkMode	0	static
nx_dpc.c:749:6:NX_DPC_SetClockSource	0	static
nx_dpc.c:793:8:NX_DPC_GetClockSource	0	static
nx_dpc.c:822:8:NX_DPC_SetClockDivisor	0	static
nx_dpc.c:860:8:NX_DPC_GetClockDivisor	0	static
nx_dpc.c:890:8:NX_DPC_SetClockOutInv	0	static
nx_dpc.c:930:9:NX_DPC_GetClockOutInv	0	static
nx_dpc.c:960:8:NX_DPC_SetClockOutSelect	0	static
nx_dpc.c:1002:9:NX_DPC_GetClockOutSelect	0	static
nx_dpc.c:1038:8:NX_DPC_SetClockPolarity	0	static
nx_dpc.c:1078:9:NX_DPC_GetClockPolarity	0	static
nx_dpc.c:1115:8:NX_DPC_SetClockOutEnb	0	static
nx_dpc.c:1158:9:NX_DPC_GetClockOutEnb	0	static
nx_dpc.c:1197:8:NX_DPC_SetClockOutDelay	0	static
nx_dpc.c:1238:8:NX_DPC_GetClockOutDelay	0	static
nx_dpc.c:1266:8:NX_DPC_SetClockDivisorEnable	0	static
nx_dpc.c:1303:9:NX_DPC_GetClockDivisorEnable	0	static
nx_dpc.c:1325:6:NX_DPC_SetDPCEnable	0	static
nx_dpc.c:1358:7:NX_DPC_GetDPCEnable	0	static
nx_dpc.c:1399:6:NX_DPC_SetDelay	0	static
nx_dpc.c:1451:6:NX_DPC_GetDelay	4	static
nx_dpc.c:1491:6:NX_DPC_SetDither	0	static
nx_dpc.c:1528:6:NX_DPC_GetDither	0	static
nx_dpc.c:1582:6:NX_DPC_SetMode	32	static
nx_dpc.c:1707:6:NX_DPC_GetMode	32	static
nx_dpc.c:1787:6:NX_DPC_SetHSync	0	static
nx_dpc.c:1838:6:NX_DPC_GetHSync	24	static
nx_dpc.c:1905:6:NX_DPC_SetVSync	4	static
nx_dpc.c:1978:6:NX_DPC_GetVSync	32	static
nx_dpc.c:2075:6:NX_DPC_SetVSyncOffset	0	static
nx_dpc.c:2126:6:NX_DPC_GetVSyncOffset	4	static
nx_dpc.c:2157:6:NX_DPC_SetHorizontalUpScaler	16	static
nx_dpc.c:2207:6:NX_DPC_GetHorizontalUpScaler	24	static
nx_dpc.c:2249:6:NX_DPC_SetSync	24	static
nx_dpc.c:2337:6:NX_DPC_SetOutputFormat	120	static
nx_dpc.c:2401:6:NX_DPC_SetQuantizationMode	0	static
nx_dpc.c:2422:6:NX_DPC_SetEnable	0	static
nx_dpc.c:2449:6:NX_DPC_SetOutVideoClkSelect	0	static
nx_dpc.c:2465:6:NX_DPC_SetRegFlush	0	static
nx_dpc.c:2480:6:NX_DPC_SetSRAMOn	0	static
nx_dpc.c:2497:6:NX_DPC_SetSyncLCDType	0	static
nx_dpc.c:2524:6:NX_DPC_SetUpScaleControl	0	static
nx_dpc.c:2552:6:NX_DPC_SetMPUTime	0	static
nx_dpc.c:2562:6:NX_DPC_SetIndex	0	static
nx_dpc.c:2580:6:NX_DPC_SetData	0	static
nx_dpc.c:2591:6:NX_DPC_SetCmdBufferFlush	0	static
nx_dpc.c:2602:6:NX_DPC_SetCmdBufferClear	0	static
nx_dpc.c:2614:6:NX_DPC_SetCmdBufferWrite	0	static
nx_dpc.c:2625:6:NX_DPC_SetMPUCS1	0	static
nx_dpc.c:2637:5:NX_DPC_GetData	0	static
nx_dpc.c:2650:5:NX_DPC_GetStatus	0	static
nx_dpc.c:2667:6:NX_DPC_RGBMASK	0	static
nx_dpc.c:2680:6:NX_DPC_SetPadLocation	0	static
nx_dpc.c:2690:5:NX_DPC_GetFieldFlag	0	static
