nx_ecid.c:27:7:NX_ECID_Initialize	0	static
nx_ecid.c:40:9:NX_ECID_GetNumberOfModule	0	static
nx_ecid.c:48:6:NX_ECID_GetPhysicalAddress	0	static
nx_ecid.c:53:6:NX_ECID_GetSizeOfRegisterSet	0	static
nx_ecid.c:58:6:NX_ECID_SetBaseAddress	0	static
nx_ecid.c:65:7:NX_ECID_GetBaseAddress	0	static
nx_ecid.c:70:7:NX_ECID_OpenModule	0	static
nx_ecid.c:76:7:NX_ECID_CloseModule	0	static
nx_ecid.c:82:7:NX_ECID_CheckBusy	0	static
nx_ecid.c:87:7:NX_ECID_CanPowerDown	0	static
nx_ecid.c:107:9:NX_ECID_GetResetNumber	0	static
nx_ecid.c:121:6:NX_ECID_GetECID	0	static
nx_ecid.c:139:6:NX_ECID_GetChipName	0	static
nx_ecid.c:166:6:NX_ECID_GetGUID	0	static
nx_ecid.c:188:9:NX_ECID_SetA	0	static
nx_ecid.c:208:9:NX_ECID_GetA	0	static
nx_ecid.c:219:9:NX_ECID_SetCS	0	static
nx_ecid.c:239:9:NX_ECID_GetCS	0	static
nx_ecid.c:250:9:NX_ECID_SetSIGDEV	0	static
nx_ecid.c:270:9:NX_ECID_GetSIGDEV	0	static
nx_ecid.c:281:9:NX_ECID_SetFSET	0	static
nx_ecid.c:301:9:NX_ECID_GetFSET	0	static
nx_ecid.c:312:9:NX_ECID_SetPRCHG	0	static
nx_ecid.c:332:9:NX_ECID_GetPRCHG	0	static
nx_ecid.c:343:9:NX_ECID_GetBondingID	0	static
nx_ecid.c:354:9:NX_ECID_SetPROG	0	static
nx_ecid.c:374:9:NX_ECID_GetPROG	0	static
nx_ecid.c:385:9:NX_ECID_SetSCK	0	static
nx_ecid.c:405:9:NX_ECID_GetSCK	0	static
nx_ecid.c:416:9:NX_ECID_SetSDI	0	static
nx_ecid.c:436:9:NX_ECID_GetSDI	0	static
nx_ecid.c:447:9:NX_ECID_GetKeyReady	0	static
nx_ecid.c:461:9:NX_ECID_SetHdcpEfuseSel	0	static
nx_ecid.c:481:9:NX_ECID_GetHdcpEfuseSel	0	static
nx_ecid.c:492:9:NX_ECID_SetSelectFlowingBank	0	static
nx_ecid.c:512:9:NX_ECID_GetSelectFlowingBank	0	static
nx_ecid.c:523:6:NX_ECID_SetBONDINGID	0	static
nx_ecid.c:534:6:NX_ECID_GetBONDINGID	0	static
