nx_gpio.c:94:15:NX_GPIO_SetBit	0	static
nx_gpio.c:124:16:NX_GPIO_GetBit	0	static
nx_gpio.c:143:15:NX_GPIO_SetBit2	0	static
nx_gpio.c:169:14:NX_GPIO_GetBit2	0	static
nx_gpio.c:188:7:NX_GPIO_Initialize	4	static
nx_gpio.c:217:6:NX_GPIO_GetNumberOfModule	0	static
nx_gpio.c:230:6:NX_GPIO_GetPhysicalAddress	0	static
nx_gpio.c:247:6:NX_GPIO_GetSizeOfRegisterSet	0	static
nx_gpio.c:259:6:NX_GPIO_SetBaseAddress	0	static
nx_gpio.c:272:7:NX_GPIO_GetBaseAddress	0	static
nx_gpio.c:286:7:NX_GPIO_OpenModule	0	static
nx_gpio.c:300:7:NX_GPIO_CloseModule	0	static
nx_gpio.c:315:7:NX_GPIO_CheckBusy	0	static
nx_gpio.c:330:7:NX_GPIO_GetInterruptNumber	32	static
nx_gpio.c:387:7:NX_GPIO_GetInterruptEnable	0	static
nx_gpio.c:411:6:NX_GPIO_SetInterruptEnable32	0	static
nx_gpio.c:433:6:NX_GPIO_GetInterruptEnable32	0	static
nx_gpio.c:449:7:NX_GPIO_GetInterruptPending	0	static
nx_gpio.c:474:6:NX_GPIO_GetInterruptPending32	0	static
nx_gpio.c:489:6:NX_GPIO_ClearInterruptPending	0	static
nx_gpio.c:509:6:NX_GPIO_ClearInterruptPending32	0	static
nx_gpio.c:526:6:NX_GPIO_SetInterruptEnableAll	0	static
nx_gpio.c:552:7:NX_GPIO_GetInterruptEnableAll	0	static
nx_gpio.c:571:7:NX_GPIO_GetInterruptPendingAll	0	static
nx_gpio.c:589:6:NX_GPIO_ClearInterruptPendingAll	0	static
nx_gpio.c:602:6:NX_GPIO_GetInterruptPendingNumber	0	static
nx_gpio.c:637:9:NX_GPIO_SetInterruptMode	16	static
nx_gpio.c:655:17:NX_GPIO_GetInterruptMode	0	static
nx_gpio.c:673:6:NX_GPIO_SetOutputEnable	0	static
nx_gpio.c:692:9:NX_GPIO_GetDetectEnable	0	static
nx_gpio.c:701:7:NX_GPIO_GetDetectEnable32	0	static
nx_gpio.c:716:8:NX_GPIO_SetDetectEnable	0	static
nx_gpio.c:356:6:NX_GPIO_SetInterruptEnable	8	static
nx_gpio.c:726:8:NX_GPIO_SetDetectEnable32	0	static
nx_gpio.c:742:7:NX_GPIO_GetOutputEnable	0	static
nx_gpio.c:760:6:NX_GPIO_SetOutputEnable32	0	static
nx_gpio.c:782:6:NX_GPIO_GetOutputEnable32	0	static
nx_gpio.c:799:6:NX_GPIO_SetOutputValue	0	static
nx_gpio.c:817:7:NX_GPIO_GetOutputValue	0	static
nx_gpio.c:836:6:NX_GPIO_SetOutputValue32	0	static
nx_gpio.c:853:6:NX_GPIO_GetOutputValue32	0	static
nx_gpio.c:871:7:NX_GPIO_GetInputValue	0	static
nx_gpio.c:889:6:NX_GPIO_SetPullSelect	16	static
nx_gpio.c:900:6:NX_GPIO_SetPullSelect32	0	static
nx_gpio.c:915:7:NX_GPIO_GetPullSelect	0	static
nx_gpio.c:923:6:NX_GPIO_GetPullSelect32	0	static
nx_gpio.c:931:6:NX_GPIO_SetPullMode	24	static
nx_gpio.c:965:6:NX_GPIO_SetPullEnable	16	static
nx_gpio.c:976:6:NX_GPIO_SetPullEnable32	0	static
nx_gpio.c:992:7:NX_GPIO_GetPullEnable	0	static
nx_gpio.c:1000:6:NX_GPIO_GetPullEnable32	0	static
nx_gpio.c:1020:6:NX_GPIO_SetPadFunction	0	static
nx_gpio.c:1030:6:NX_GPIO_SetPadFunction32_0	0	static
nx_gpio.c:1038:6:NX_GPIO_SetPadFunction32_1	0	static
nx_gpio.c:1053:17:NX_GPIO_GetPadFunction	0	static
nx_gpio.c:1070:6:NX_GPIO_GetValidBit	0	static
nx_gpio.c:1084:7:NX_GPIO_SetSLEW	0	static
nx_gpio.c:1098:6:NX_GPIO_GetSLEW	0	static
nx_gpio.c:1113:7:NX_GPIO_SetSLEW_DISABLE_DEFAULT	0	static
nx_gpio.c:1127:6:NX_GPIO_GetSLEW_DISABLE_DEFAULT	0	static
nx_gpio.c:1142:7:NX_GPIO_SetDRV1	0	static
nx_gpio.c:1156:6:NX_GPIO_GetDRV1	0	static
nx_gpio.c:1171:7:NX_GPIO_SetDRV1_DISABLE_DEFAULT	0	static
nx_gpio.c:1185:6:NX_GPIO_GetDRV1_DISABLE_DEFAULT	0	static
nx_gpio.c:1200:7:NX_GPIO_SetDRV0	0	static
nx_gpio.c:1214:6:NX_GPIO_GetDRV0	0	static
nx_gpio.c:1229:7:NX_GPIO_SetDRV0_DISABLE_DEFAULT	0	static
nx_gpio.c:1243:6:NX_GPIO_GetDRV0_DISABLE_DEFAULT	0	static
nx_gpio.c:1259:7:NX_GPIO_SetSlew	0	static
nx_gpio.c:1272:7:NX_GPIO_SetSlewDisableDefault	0	static
nx_gpio.c:1293:8:NX_GPIO_GetSlew	0	static
nx_gpio.c:1312:7:NX_GPIO_SetSlew32	0	static
nx_gpio.c:1331:6:NX_GPIO_GetSlew32	0	static
nx_gpio.c:1352:7:NX_GPIO_SetDriveStrength	16	static
nx_gpio.c:1366:7:NX_GPIO_SetDriveStrengthDisableDefault	16	static
nx_gpio.c:1388:22:NX_GPIO_GetDriveStrength	0	static
nx_gpio.c:1412:7:NX_GPIO_SetPULLSEL	0	static
nx_gpio.c:1426:6:NX_GPIO_GetPULLSEL	0	static
nx_gpio.c:1441:7:NX_GPIO_SetPULLSEL_DISABLE_DEFAULT	0	static
nx_gpio.c:1455:6:NX_GPIO_GetPULLSEL_DISABLE_DEFAULT	0	static
nx_gpio.c:1470:7:NX_GPIO_SetPULLENB	0	static
nx_gpio.c:1484:6:NX_GPIO_GetPULLENB	0	static
nx_gpio.c:1499:7:NX_GPIO_SetPULLENB_DISABLE_DEFAULT	0	static
nx_gpio.c:1513:6:NX_GPIO_GetPULLENB_DISABLE_DEFAULT	0	static
nx_gpio.c:1528:6:NX_GPIO_SetInputMuxSelect0	0	static
nx_gpio.c:1543:6:NX_GPIO_SetInputMuxSelect1	0	static
nx_gpio.c:1577:6:NX_GPIO_SetPadFunctionEnable	16	static
