nx_i2s.c:38:7:NX_I2S_Initialize	0	static
nx_i2s.c:62:6:NX_I2S_GetNumberOfModule	0	static
nx_i2s.c:74:6:NX_I2S_GetPhysicalAddress	0	static
nx_i2s.c:91:6:NX_I2S_GetSizeOfRegisterSet	0	static
nx_i2s.c:102:6:NX_I2S_SetBaseAddress	0	static
nx_i2s.c:115:7:NX_I2S_GetBaseAddress	0	static
nx_i2s.c:128:7:NX_I2S_OpenModule	0	static
nx_i2s.c:141:7:NX_I2S_CloseModule	0	static
nx_i2s.c:154:7:NX_I2S_CheckBusy	0	static
nx_i2s.c:167:7:NX_I2S_CanPowerDown	0	static
nx_i2s.c:181:6:NX_I2S_GetDMAIndex_PCMIn	16	static
nx_i2s.c:197:6:NX_I2S_GetDMAIndex_PCMOut	16	static
nx_i2s.c:213:6:NX_I2S_GetDMABusWidth	0	static
nx_i2s.c:222:6:NX_I2S_GetClockNumber	0	static
nx_i2s.c:242:9:NX_I2S_GetResetNumber	16	static
nx_i2s.c:260:9:NX_I2S_GetChannelClockIndication	0	static
nx_i2s.c:270:9:NX_I2S_GetTxFifoEmpty	0	static
nx_i2s.c:280:9:NX_I2S_GetRxFifoEmpty	0	static
nx_i2s.c:290:9:NX_I2S_GetTxFifoFull	0	static
nx_i2s.c:300:9:NX_I2S_GetRxFifoFull	0	static
nx_i2s.c:310:9:NX_I2S_TxDmaPauseEnable	0	static
nx_i2s.c:329:9:NX_I2S_RxDmaPauseEnable	0	static
nx_i2s.c:348:9:NX_I2S_TxChPauseEnable	0	static
nx_i2s.c:367:9:NX_I2S_RxChPauseEnable	0	static
nx_i2s.c:386:9:NX_I2S_TxDmaEnable	0	static
nx_i2s.c:405:9:NX_I2S_RxDmaEnable	0	static
nx_i2s.c:424:9:NX_I2S_I2SEnable	0	static
nx_i2s.c:443:8:NX_I2S_GetI2SEnable	0	static
nx_i2s.c:459:9:NX_I2S_SetBitLengthControl	0	static
nx_i2s.c:478:8:NX_I2S_GetBitLengthControl	0	static
nx_i2s.c:493:9:NX_I2S_CodecClockDisable	0	static
nx_i2s.c:512:8:NX_I2S_GetCodecClockDisable	0	static
nx_i2s.c:527:9:NX_I2S_SetMasterSlaveMode	0	static
nx_i2s.c:546:8:NX_I2S_GetMasterSlaveMode	0	static
nx_i2s.c:559:9:NX_I2S_SetTxRxMode	0	static
nx_i2s.c:578:8:NX_I2S_GetTxRxMode	0	static
nx_i2s.c:593:9:NX_I2S_SetLRClockPolarity	0	static
nx_i2s.c:612:8:NX_I2S_GetLRClockPolarity	0	static
nx_i2s.c:627:9:NX_I2S_SetSerialDataFormat	0	static
nx_i2s.c:646:8:NX_I2S_GetSerialDataFormat	0	static
nx_i2s.c:660:9:NX_I2S_SetRootClockFrequency	0	static
nx_i2s.c:679:8:NX_I2S_GetRootClockFrequency	0	static
nx_i2s.c:696:9:NX_I2S_SetBitClockFrequency	0	static
nx_i2s.c:715:8:NX_I2S_GetBitClockFrequency	0	static
nx_i2s.c:733:9:NX_I2S_TxFifoFlushEnable	0	static
nx_i2s.c:752:9:NX_I2S_GetTxFifoDataCount	0	static
nx_i2s.c:762:9:NX_I2S_RxFifoFlushEnable	0	static
nx_i2s.c:781:9:NX_I2S_GetRxFifoDataCount	0	static
nx_i2s.c:792:9:NX_I2S_PrescalerEnable	0	static
nx_i2s.c:811:9:NX_I2S_GetPrescalerEnable	0	static
nx_i2s.c:825:9:NX_I2S_SetPrescalerValue	0	static
nx_i2s.c:845:8:NX_I2S_GetPrescalerValue	0	static
nx_i2s.c:861:9:NX_I2S_SetTxData	0	static
nx_i2s.c:888:9:NX_I2S_GetRxData	24	static
