nx_lvds.c:57:7:NX_LVDS_Initialize	0	static
nx_lvds.c:82:6:NX_LVDS_GetNumberOfModule	0	static
nx_lvds.c:96:6:NX_LVDS_GetSizeOfRegisterSet	0	static
nx_lvds.c:111:6:NX_LVDS_SetBaseAddress	0	static
nx_lvds.c:127:7:NX_LVDS_GetBaseAddress	0	static
nx_lvds.c:143:6:NX_LVDS_GetPhysicalAddress	0	static
nx_lvds.c:164:7:NX_LVDS_OpenModule	0	static
nx_lvds.c:182:7:NX_LVDS_CloseModule	0	static
nx_lvds.c:199:7:NX_LVDS_CheckBusy	0	static
nx_lvds.c:217:5:NX_LVDS_GetResetNumber	0	static
nx_lvds.c:377:6:NX_LVDS_SetLVDSCTRL0	0	static
nx_lvds.c:388:6:NX_LVDS_SetLVDSCTRL1	0	static
nx_lvds.c:399:6:NX_LVDS_SetLVDSCTRL2	0	static
nx_lvds.c:409:6:NX_LVDS_SetLVDSCTRL3	0	static
nx_lvds.c:419:6:NX_LVDS_SetLVDSCTRL4	0	static
nx_lvds.c:431:6:NX_LVDS_SetLVDSTMODE0	0	static
nx_lvds.c:443:6:NX_LVDS_SetLVDSLOC0	0	static
nx_lvds.c:453:6:NX_LVDS_SetLVDSLOC1	0	static
nx_lvds.c:464:6:NX_LVDS_SetLVDSLOC2	0	static
nx_lvds.c:475:6:NX_LVDS_SetLVDSLOC3	0	static
nx_lvds.c:486:6:NX_LVDS_SetLVDSLOC4	0	static
nx_lvds.c:497:6:NX_LVDS_SetLVDSLOC5	0	static
nx_lvds.c:508:6:NX_LVDS_SetLVDSLOC6	0	static
nx_lvds.c:519:6:NX_LVDS_SetLVDSLOCMASK0	0	static
nx_lvds.c:530:6:NX_LVDS_SetLVDSLOCMASK1	0	static
nx_lvds.c:541:6:NX_LVDS_SetLVDSLOCPOL0	0	static
nx_lvds.c:552:6:NX_LVDS_SetLVDSLOCPOL1	0	static
nx_lvds.c:571:6:NX_LVDS_SetLVDSDUMMY	0	static
nx_lvds.c:584:5:NX_LVDS_GetLVDSDUMMY	0	static
nx_lvds.c:601:5:NX_LVDS_GetLVDSCTRL0	0	static
nx_lvds.c:613:5:NX_LVDS_GetLVDSCTRL1	0	static
nx_lvds.c:624:5:NX_LVDS_GetLVDSCTRL2	0	static
nx_lvds.c:635:5:NX_LVDS_GetLVDSCTRL3	0	static
nx_lvds.c:646:5:NX_LVDS_GetLVDSCTRL4	0	static
