nx_mlc.c:37:7:NX_MLC_Initialize	0	static
nx_mlc.c:61:6:NX_MLC_GetNumberOfModule	0	static
nx_mlc.c:74:6:NX_MLC_GetPhysicalAddress	8	static
nx_mlc.c:90:6:NX_MLC_GetSizeOfRegisterSet	0	static
nx_mlc.c:102:6:NX_MLC_SetBaseAddress	0	static
nx_mlc.c:116:7:NX_MLC_GetBaseAddress	0	static
nx_mlc.c:130:7:NX_MLC_OpenModule	0	static
nx_mlc.c:144:7:NX_MLC_CloseModule	0	static
nx_mlc.c:158:7:NX_MLC_CheckBusy	0	static
nx_mlc.c:172:7:NX_MLC_CanPowerDown	0	static
nx_mlc.c:188:8:NX_MLC_SetClockPClkMode	0	static
nx_mlc.c:226:13:NX_MLC_GetClockPClkMode	0	static
nx_mlc.c:248:8:NX_MLC_SetClockBClkMode	0	static
nx_mlc.c:282:13:NX_MLC_GetClockBClkMode	0	static
nx_mlc.c:327:6:NX_MLC_SetTopPowerMode	0	static
nx_mlc.c:358:7:NX_MLC_GetTopPowerMode	0	static
nx_mlc.c:394:6:NX_MLC_SetTopSleepMode	0	static
nx_mlc.c:426:7:NX_MLC_GetTopSleepMode	0	static
nx_mlc.c:447:6:NX_MLC_SetTopDirtyFlag	0	static
nx_mlc.c:474:7:NX_MLC_GetTopDirtyFlag	0	static
nx_mlc.c:494:6:NX_MLC_SetMLCEnable	0	static
nx_mlc.c:527:7:NX_MLC_GetMLCEnable	0	static
nx_mlc.c:547:6:NX_MLC_SetFieldEnable	0	static
nx_mlc.c:580:7:NX_MLC_GetFieldEnable	0	static
nx_mlc.c:600:6:NX_MLC_SetLayerPriority	0	static
nx_mlc.c:637:6:NX_MLC_SetScreenSize	0	static
nx_mlc.c:663:6:NX_MLC_GetScreenSize	0	static
nx_mlc.c:689:6:NX_MLC_SetBackground	0	static
nx_mlc.c:716:6:NX_MLC_SetDirtyFlag	0	static
nx_mlc.c:756:7:NX_MLC_GetDirtyFlag	0	static
nx_mlc.c:792:6:NX_MLC_SetLayerEnable	0	static
nx_mlc.c:841:7:NX_MLC_GetLayerEnable	0	static
nx_mlc.c:873:6:NX_MLC_SetLockSize	0	static
nx_mlc.c:923:6:NX_MLC_SetAlphaBlending	0	static
nx_mlc.c:990:6:NX_MLC_SetTransparency	0	static
nx_mlc.c:1043:6:NX_MLC_SetColorInversion	0	static
nx_mlc.c:1100:6:NX_MLC_GetExtendedColor	56	static
nx_mlc.c:1190:6:NX_MLC_SetFormatRGB	0	static
nx_mlc.c:1226:6:NX_MLC_SetFormatYUV	0	static
nx_mlc.c:1261:6:NX_MLC_SetPosition	8	static
nx_mlc.c:1310:6:NX_MLC_SetDitherEnableWhenUsingGamma	0	static
nx_mlc.c:1340:7:NX_MLC_GetDitherEnableWhenUsingGamma	0	static
nx_mlc.c:1359:6:NX_MLC_SetGammaPriority	0	static
nx_mlc.c:1389:7:NX_MLC_GetGammaPriority	0	static
nx_mlc.c:1419:6:NX_MLC_SetRGBLayerInvalidPosition	8	static
nx_mlc.c:1476:6:NX_MLC_SetRGBLayerStride	0	static
nx_mlc.c:1517:6:NX_MLC_SetRGBLayerAddress	0	static
nx_mlc.c:1560:6:NX_MLC_SetRGBLayerGamaTablePowerMode	0	static
nx_mlc.c:1605:6:NX_MLC_GetRGBLayerGamaTablePowerMode	0	static
nx_mlc.c:1643:6:NX_MLC_SetRGBLayerGamaTableSleepMode	0	static
nx_mlc.c:1688:6:NX_MLC_GetRGBLayerGamaTableSleepMode	0	static
nx_mlc.c:1722:6:NX_MLC_SetRGBLayerRGammaTable	0	static
nx_mlc.c:1747:6:NX_MLC_SetRGBLayerGGammaTable	0	static
nx_mlc.c:1772:6:NX_MLC_SetRGBLayerBGammaTable	0	static
nx_mlc.c:1797:6:NX_MLC_SetRGBLayerGammaEnable	0	static
nx_mlc.c:1827:7:NX_MLC_GetRGBLayerGammaEnable	0	static
nx_mlc.c:1854:6:NX_MLC_SetVideoLayerStride	0	static
nx_mlc.c:1896:6:NX_MLC_SetVideoLayerAddress	0	static
nx_mlc.c:1931:6:NX_MLC_SetVideoLayerAddressYUYV	0	static
nx_mlc.c:1972:6:NX_MLC_SetVideoLayerScaleFactor	0	static
nx_mlc.c:2018:6:NX_MLC_SetVideoLayerScaleFilter	0	static
nx_mlc.c:2060:6:NX_MLC_GetVideoLayerScaleFilter	4	static
nx_mlc.c:2102:6:NX_MLC_SetVideoLayerScale	32	static
nx_mlc.c:2169:6:NX_MLC_SetVideoLayerLumaEnhance	0	static
nx_mlc.c:2224:6:NX_MLC_SetVideoLayerChromaEnhance	0	static
nx_mlc.c:2296:6:NX_MLC_SetVideoLayerLineBufferPowerMode	0	static
nx_mlc.c:2327:7:NX_MLC_GetVideoLayerLineBufferPowerMode	0	static
nx_mlc.c:2370:6:NX_MLC_SetVideoLayerLineBufferSleepMode	0	static
nx_mlc.c:2402:7:NX_MLC_GetVideoLayerLineBufferSleepMode	0	static
nx_mlc.c:2433:6:NX_MLC_SetVideoLayerGamaTablePowerMode	0	static
nx_mlc.c:2478:6:NX_MLC_GetVideoLayerGamaTablePowerMode	0	static
nx_mlc.c:2516:6:NX_MLC_SetVideoLayerGamaTableSleepMode	0	static
nx_mlc.c:2561:6:NX_MLC_GetVideoLayerGamaTableSleepMode	0	static
nx_mlc.c:2595:6:NX_MLC_SetVideoLayerGammaEnable	0	static
nx_mlc.c:2625:7:NX_MLC_GetVideoLayerGammaEnable	0	static
nx_mlc.c:2649:1:NX_MLC_SetMLCTopControlParameter	4	static
nx_mlc.c:2731:5:NX_MLC_GetRGBFormat	120	static
nx_mlc.c:2680:1:NX_MLC_SetRGB0LayerControlParameter	24	static
nx_mlc.c:2775:1:NX_MLC_SetRGB1LayerControlParameter	24	static
nx_mlc.c:2827:1:NX_MLC_SetRGB2LayerControlParameter	24	static
nx_mlc.c:2879:1:NX_MLC_SetVideoLayerControlParameter	4	static
nx_mlc.c:2922:6:NX_MLC_SetSRAMMODE	0	static
nx_mlc.c:2966:1:NX_MLC_SetLayerRegFinish	0	static
nx_mlc.c:3016:1:NX_MLC_SetVideoLayerCoordinate	24	static
nx_mlc.c:3079:6:NX_MLC_SetGammaControlParameter	4	static
nx_mlc.c:3108:6:NX_MLC_SetLayerAlpha256	0	static
