nx_mcus.c:24:19:__NX_MCUS_NFCONTROL_RESET_BIT	0	static
nx_mcus.c:48:7:NX_MCUS_Initialize	0	static
nx_mcus.c:66:6:NX_MCUS_GetNumberOfModule	0	static
nx_mcus.c:79:6:NX_MCUS_GetPhysicalAddress	0	static
nx_mcus.c:94:6:NX_MCUS_GetSizeOfRegisterSet	0	static
nx_mcus.c:105:6:NX_MCUS_SetBaseAddress	0	static
nx_mcus.c:116:7:NX_MCUS_GetBaseAddress	0	static
nx_mcus.c:127:7:NX_MCUS_OpenModule	0	static
nx_mcus.c:138:7:NX_MCUS_CloseModule	0	static
nx_mcus.c:149:7:NX_MCUS_CheckBusy	0	static
nx_mcus.c:162:6:NX_MCUS_GetInterruptNumber	0	static
nx_mcus.c:177:6:NX_MCUS_SetInterruptEnable	8	static
nx_mcus.c:204:6:NX_MCUS_SetECCInterruptEnable	8	static
nx_mcus.c:240:7:NX_MCUS_GetInterruptEnable	0	static
nx_mcus.c:251:7:NX_MCUS_GetECCInterruptEnable	0	static
nx_mcus.c:272:7:NX_MCUS_GetInterruptPending	0	static
nx_mcus.c:291:6:NX_MCUS_ClearInterruptPending	8	static
nx_mcus.c:314:6:NX_MCUS_ClearECCInterruptPending	8	static
nx_mcus.c:345:6:NX_MCUS_SetInterruptEnableAll	8	static
nx_mcus.c:376:7:NX_MCUS_GetInterruptEnableAll	0	static
nx_mcus.c:396:7:NX_MCUS_GetInterruptPendingAll	0	static
nx_mcus.c:420:6:NX_MCUS_ClearInterruptPendingAll	8	static
nx_mcus.c:451:6:NX_MCUS_SetInterruptEnable32	8	static
nx_mcus.c:475:6:NX_MCUS_SetECCInterruptEnable32	8	static
nx_mcus.c:507:5:NX_MCUS_GetInterruptEnable32	0	static
nx_mcus.c:517:5:NX_MCUS_GetECCInterruptEnable32	0	static
nx_mcus.c:535:5:NX_MCUS_GetInterruptPending32	0	static
nx_mcus.c:553:6:NX_MCUS_ClearInterruptPending32	8	static
nx_mcus.c:575:6:NX_MCUS_ClearECCInterruptPending32	8	static
nx_mcus.c:605:6:NX_MCUS_GetInterruptPendingNumber	0	static
nx_mcus.c:643:17:NX_MCUS_GetISRAMCS	0	static
nx_mcus.c:664:17:NX_MCUS_GetIROMCS	0	static
nx_mcus.c:689:6:NX_MCUS_SetStaticBUSConfig	40	static
nx_mcus.c:852:6:NX_MCUS_GetStaticBUSConfig	40	static
nx_mcus.c:965:6:NX_MCUS_SetNANDBUSConfig	16	static
nx_mcus.c:1021:6:NX_MCUS_GetNANDBUSConfig	16	static
nx_mcus.c:1082:6:NX_MCUS_SetNFType	8	static
nx_mcus.c:1109:16:NX_MCUS_GetNFType	0	static
nx_mcus.c:1127:6:NX_MCUS_SetNFEXChannelEnable	8	static
nx_mcus.c:1155:7:NX_MCUS_GetNFEXChannelEnable	0	static
nx_mcus.c:1172:6:NX_MCUS_SetNFBank	8	static
nx_mcus.c:1197:6:NX_MCUS_GetNFBank	0	static
nx_mcus.c:1221:6:NX_MCUS_SetNFCSEnable	8	static
nx_mcus.c:1248:7:NX_MCUS_GetNFCSEnable	0	static
nx_mcus.c:1269:7:NX_MCUS_IsNFReady	0	static
nx_mcus.c:1292:6:NX_MCUS_SetAutoResetEnable	8	static
nx_mcus.c:1319:7:NX_MCUS_GetAutoResetEnable	0	static
nx_mcus.c:1335:6:NX_MCUS_ResetNFECCBlock	8	static
nx_mcus.c:1358:6:NX_MCUS_SetECCMode	8	static
nx_mcus.c:1382:6:NX_MCUS_GetECCMode	0	static
nx_mcus.c:1399:6:NX_MCUS_GetNFWriteDataCount	0	static
nx_mcus.c:1415:6:NX_MCUS_GetNFReadDataCount	0	static
nx_mcus.c:1434:7:NX_MCUS_IsNFError	0	static
nx_mcus.c:1453:7:NX_MCUS_IsNFReadEnd	0	static
nx_mcus.c:1472:7:NX_MCUS_IsNFWriteEnd	0	static
nx_mcus.c:1483:7:NX_MCUS_IsDecodeError	0	static
nx_mcus.c:1493:7:NX_MCUS_IsNFECCBusy	0	static
nx_mcus.c:1504:6:NX_MCUS_GetNumOfError	0	static
nx_mcus.c:1515:6:NX_MCUS_LoadELP	0	static
nx_mcus.c:1533:6:NX_MCUS_SetNFDecMode	0	static
nx_mcus.c:1552:17:NX_MCUS_GetNFDecMode	0	static
nx_mcus.c:1563:6:NX_MCUS_RunECCEncDec	0	static
nx_mcus.c:1587:6:NX_MCUS_GetNFECC4	0	static
nx_mcus.c:1608:6:NX_MCUS_GetNFECC8	0	static
nx_mcus.c:1627:6:NX_MCUS_GetNFECC12	0	static
nx_mcus.c:1650:6:NX_MCUS_GetNFECC16	0	static
nx_mcus.c:1678:6:NX_MCUS_GetNFECC24	0	static
nx_mcus.c:1715:6:NX_MCUS_SetNFOriginECC4	0	static
nx_mcus.c:1738:6:NX_MCUS_SetNFOriginECC8	0	static
nx_mcus.c:1754:6:NX_MCUS_SetNFOriginECC12	0	static
nx_mcus.c:1780:6:NX_MCUS_SetNFOriginECC16	0	static
nx_mcus.c:1808:6:NX_MCUS_SetNFOriginECC24	0	static
nx_mcus.c:1833:6:NX_MCUS_SetNFOriginECC40	0	static
nx_mcus.c:1851:6:NX_MCUS_SetNFOriginECC60	0	static
nx_mcus.c:1874:6:NX_MCUS_GetNFECCOddSyndrome4	0	static
nx_mcus.c:1903:6:NX_MCUS_GetNFECCOddSyndrome8	0	static
nx_mcus.c:1939:6:NX_MCUS_GetNFECCOddSyndrome12	0	static
nx_mcus.c:1984:6:NX_MCUS_GetNFECCOddSyndrome16	0	static
nx_mcus.c:2037:6:NX_MCUS_GetNFECCOddSyndrome24	0	static
nx_mcus.c:2102:6:NX_MCUS_SetNumOfELP	0	static
nx_mcus.c:2122:5:NX_MCUS_GetNumOfELP	0	static
nx_mcus.c:2133:6:NX_MCUS_SetParityCount	0	static
nx_mcus.c:2152:6:NX_MCUS_GetParityCount	0	static
nx_mcus.c:2163:6:NX_MCUS_SetNANDRWDataNum	0	static
nx_mcus.c:2182:6:NX_MCUS_GetNANDRWDataNum	0	static
nx_mcus.c:2193:6:NX_MCUS_SetNANDECCAutoMode	0	static
nx_mcus.c:2209:6:NX_MCUS_SetELP4	0	static
nx_mcus.c:2226:6:NX_MCUS_SetELP8	0	static
nx_mcus.c:2249:6:NX_MCUS_SetELP12	0	static
nx_mcus.c:2279:6:NX_MCUS_SetELP16	0	static
nx_mcus.c:2314:6:NX_MCUS_SetELP24	0	static
nx_mcus.c:2361:6:NX_MCUS_GetErrLoc4	0	static
nx_mcus.c:2378:6:NX_MCUS_GetErrLoc8	0	static
nx_mcus.c:2401:6:NX_MCUS_GetErrLoc12	0	static
nx_mcus.c:2430:6:NX_MCUS_GetErrLoc16	0	static
nx_mcus.c:2466:6:NX_MCUS_GetErrLoc24	0	static
nx_mcus.c:2484:6:NX_MCUS_GetErrLoc40	0	static
nx_mcus.c:2502:6:NX_MCUS_GetErrLoc60	0	static
nx_mcus.c:2520:7:NX_MCUS_WriteNANDAddress	0	static
nx_mcus.c:2524:7:NX_MCUS_WriteNANDCommand	0	static
nx_mcus.c:2528:7:NX_MCUS_WriteNANDData	0	static
nx_mcus.c:2532:7:NX_MCUS_ReadNANDData	0	static
nx_mcus.c:2566:6:NX_MCUS_SetNANDECCCONFIG	8	static
nx_mcus.c:2577:5:NX_MCUS_GetErrorPos	0	static
