nx_pwm.c:32:7:NX_PWM_Initialize	0	static
nx_pwm.c:51:6:NX_PWM_GetNumberOfModule	0	static
nx_pwm.c:61:6:NX_PWM_GetNumberOfChannel	0	static
nx_pwm.c:74:6:NX_PWM_GetPhysicalAddress	0	static
nx_pwm.c:88:6:NX_PWM_GetSizeOfRegisterSet	0	static
nx_pwm.c:100:6:NX_PWM_SetBaseAddress	0	static
nx_pwm.c:114:7:NX_PWM_GetBaseAddress	0	static
nx_pwm.c:128:7:NX_PWM_OpenModule	0	static
nx_pwm.c:142:7:NX_PWM_CloseModule	0	static
nx_pwm.c:156:7:NX_PWM_CheckBusy	0	static
nx_pwm.c:170:7:NX_PWM_CanPowerDown	0	static
nx_pwm.c:186:5:NX_PWM_GetClockNumber	32	static
nx_pwm.c:210:5:NX_PWM_GetResetNumber	0	static
nx_pwm.c:230:6:NX_PWM_GetInterruptNumber	80	static
nx_pwm.c:255:6:NX_PWM_SetInterruptEnable	0	static
nx_pwm.c:285:7:NX_PWM_GetInterruptEnable	0	static
nx_pwm.c:307:7:NX_PWM_GetInterruptPending	0	static
nx_pwm.c:329:6:NX_PWM_ClearInterruptPending	0	static
nx_pwm.c:358:6:NX_PWM_SetInterruptEnableAll	0	static
nx_pwm.c:386:7:NX_PWM_GetInterruptEnableAll	0	static
nx_pwm.c:413:7:NX_PWM_GetInterruptPendingAll	0	static
nx_pwm.c:439:6:NX_PWM_ClearInterruptPendingAll	0	static
nx_pwm.c:465:6:NX_PWM_GetInterruptPendingNumber	0	static
nx_pwm.c:500:6:NX_PWM_SetPrescaler	0	static
nx_pwm.c:534:6:NX_PWM_GetPrescaler	0	static
nx_pwm.c:560:6:NX_PWM_SetDeadZoneLength	0	static
nx_pwm.c:585:6:NX_PWM_GetDeadZoneLength	0	static
nx_pwm.c:607:7:NX_PWM_SetDeadZoneEnable	0	static
nx_pwm.c:640:7:NX_PWM_GetDeadZoneEnable	0	static
nx_pwm.c:668:7:NX_PWM_SetDividerPath	0	static
nx_pwm.c:701:20:NX_PWM_GetDividerPath	0	static
nx_pwm.c:730:7:NX_PWM_SetOutInvert	16	static
nx_pwm.c:769:7:NX_PWM_GetOutInvert	0	static
nx_pwm.c:802:6:NX_PWM_SetShotMode	4	static
nx_pwm.c:843:17:NX_PWM_GetShotMode	0	static
nx_pwm.c:882:6:NX_PWM_UpdateCounter	0	static
nx_pwm.c:916:6:NX_PWM_Run	0	static
nx_pwm.c:948:6:NX_PWM_Stop	0	static
nx_pwm.c:980:7:NX_PWM_IsRun	0	static
nx_pwm.c:1014:6:NX_PWM_SetPeriod	0	static
nx_pwm.c:1055:6:NX_PWM_GetPeriod	0	static
nx_pwm.c:1097:7:NX_PWM_SetDuty	0	static
nx_pwm.c:1140:6:NX_PWM_GetDuty	0	static
nx_pwm.c:1182:6:NX_PWM_GetCurrentCount	0	static
