nx_rtc.c:36:7:NX_RTC_Initialize	0	static
nx_rtc.c:54:6:NX_RTC_GetNumberOfModule	0	static
nx_rtc.c:66:6:NX_RTC_GetPhysicalAddress	0	static
nx_rtc.c:76:6:NX_RTC_GetSizeOfRegisterSet	0	static
nx_rtc.c:87:6:NX_RTC_SetBaseAddress	0	static
nx_rtc.c:98:7:NX_RTC_GetBaseAddress	0	static
nx_rtc.c:109:7:NX_RTC_OpenModule	0	static
nx_rtc.c:120:7:NX_RTC_CloseModule	0	static
nx_rtc.c:160:6:NX_RTC_GetInterruptNumber	0	static
nx_rtc.c:175:6:NX_RTC_SetInterruptEnable	0	static
nx_rtc.c:204:7:NX_RTC_GetInterruptEnable	0	static
nx_rtc.c:220:6:NX_RTC_SetInterruptEnable32	0	static
nx_rtc.c:243:6:NX_RTC_GetInterruptEnable32	0	static
nx_rtc.c:262:7:NX_RTC_GetInterruptPending	0	static
nx_rtc.c:279:6:NX_RTC_GetInterruptPending32	0	static
nx_rtc.c:294:6:NX_RTC_ClearInterruptPending	0	static
nx_rtc.c:315:6:NX_RTC_ClearInterruptPending32	0	static
nx_rtc.c:336:6:NX_RTC_SetInterruptEnableAll	0	static
nx_rtc.c:361:7:NX_RTC_GetInterruptEnableAll	0	static
nx_rtc.c:379:7:NX_RTC_GetInterruptPendingAll	0	static
nx_rtc.c:396:6:NX_RTC_ClearInterruptPendingAll	0	static
nx_rtc.c:413:6:NX_RTC_GetInterruptPendingNumber	0	static
nx_rtc.c:441:7:NX_RTC_SetAlarmCounter	0	static
nx_rtc.c:455:6:NX_RTC_GetAlarmCounter	0	static
nx_rtc.c:467:7:NX_RTC_IsBusyAlarmCounter	0	static
nx_rtc.c:492:6:NX_RTC_SetRTCCounter	0	static
nx_rtc.c:506:6:NX_RTC_GetRTCCounter	0	static
nx_rtc.c:518:7:NX_RTC_IsBusyRTCCounter	0	static
nx_rtc.c:131:7:NX_RTC_CheckBusy	8	static
nx_rtc.c:142:7:NX_RTC_CanPowerDown	8	static
nx_rtc.c:526:6:NX_RTC_SetOscSel	8	static
nx_rtc.c:549:6:NX_RTC_SetRTCCounterWriteEnable	0	static
nx_rtc.c:575:9:NX_RTC_SetRestDelay	0	static
nx_rtc.c:589:19:NX_RTC_GetRestDelay	0	static
nx_rtc.c:597:7:NX_RTC_SetScratch	0	static
nx_rtc.c:603:7:NX_RTC_GetScratch	0	static
