nx_sdmmc.c:39:9:NX_SDMMC_Initialize	0	static
nx_sdmmc.c:63:9:NX_SDMMC_GetNumberOfModule	0	static
nx_sdmmc.c:77:9:NX_SDMMC_GetPhysicalAddress	0	static
nx_sdmmc.c:94:9:NX_SDMMC_GetSizeOfRegisterSet	0	static
nx_sdmmc.c:122:9:NX_SDMMC_SetBaseAddress	0	static
nx_sdmmc.c:137:10:NX_SDMMC_GetBaseAddress	0	static
nx_sdmmc.c:174:9:NX_SDMMC_OpenModule	0	static
nx_sdmmc.c:202:9:NX_SDMMC_CloseModule	0	static
nx_sdmmc.c:266:9:NX_SDMMC_GetInterruptNumber	16	static
nx_sdmmc.c:283:9:NX_SDMMC_SetInterruptEnable	0	static
nx_sdmmc.c:309:9:NX_SDMMC_GetInterruptEnable	0	static
nx_sdmmc.c:328:9:NX_SDMMC_GetInterruptPending	0	static
nx_sdmmc.c:343:9:NX_SDMMC_ClearInterruptPending	0	static
nx_sdmmc.c:359:9:NX_SDMMC_SetInterruptEnableAll	0	static
nx_sdmmc.c:379:9:NX_SDMMC_GetInterruptEnableAll	0	static
nx_sdmmc.c:401:9:NX_SDMMC_GetInterruptPendingAll	0	static
nx_sdmmc.c:418:9:NX_SDMMC_ClearInterruptPendingAll	0	static
nx_sdmmc.c:434:9:NX_SDMMC_GetInterruptPendingNumber	0	static
nx_sdmmc.c:468:9:NX_SDMMC_SetInterruptEnable32	0	static
nx_sdmmc.c:484:5:NX_SDMMC_GetInterruptEnable32	0	static
nx_sdmmc.c:500:5:NX_SDMMC_GetInterruptPending32	0	static
nx_sdmmc.c:516:9:NX_SDMMC_ClearInterruptPending32	0	static
nx_sdmmc.c:535:9:NX_SDMMC_GetClockNumber	0	static
nx_sdmmc.c:555:9:NX_SDMMC_GetResetNumber	16	static
nx_sdmmc.c:572:9:NX_SDMMC_SetPowerEnable	0	static
nx_sdmmc.c:589:9:NX_SDMMC_GetPowerEnable	0	static
nx_sdmmc.c:605:9:NX_SDMMC_AbortReadData	0	static
nx_sdmmc.c:631:9:NX_SDMMC_SendIRQResponse	0	static
nx_sdmmc.c:658:9:NX_SDMMC_SetReadWait	0	static
nx_sdmmc.c:690:9:NX_SDMMC_ResetDMAC	0	static
nx_sdmmc.c:718:9:NX_SDMMC_SetDMAMode	0	static
nx_sdmmc.c:736:6:NX_SDMMC_SetUseInternalDMAC	0	static
nx_sdmmc.c:761:9:NX_SDMMC_IsDMAReq	0	static
nx_sdmmc.c:779:9:NX_SDMMC_IsDMAAck	0	static
nx_sdmmc.c:790:9:NX_SDMMC_IsResetDMAC	0	static
nx_sdmmc.c:818:9:NX_SDMMC_ResetFIFO	0	static
nx_sdmmc.c:844:9:NX_SDMMC_IsResetFIFO	0	static
nx_sdmmc.c:872:9:NX_SDMMC_ResetController	0	static
nx_sdmmc.c:898:9:NX_SDMMC_IsResetController	0	static
nx_sdmmc.c:979:9:NX_SDMMC_SetClockSource	0	static
nx_sdmmc.c:988:26:NX_SDMMC_GetClockSource	0	static
nx_sdmmc.c:997:9:NX_SDMMC_SetOutputClockDivider	0	static
nx_sdmmc.c:1016:9:NX_SDMMC_GetOutputClockDivider	0	static
nx_sdmmc.c:1046:9:NX_SDMMC_SetLowPowerClockMode	0	static
nx_sdmmc.c:1073:9:NX_SDMMC_GetLowPowerClockMode	0	static
nx_sdmmc.c:1097:9:NX_SDMMC_SetOutputClockEnable	0	static
nx_sdmmc.c:1124:9:NX_SDMMC_GetOutputClockEnable	0	static
nx_sdmmc.c:1144:9:NX_SDMMC_SetDriveClockShiftPhase	0	static
nx_sdmmc.c:1166:21:NX_SDMMC_GetDriveClockShiftPhase	0	static
nx_sdmmc.c:1177:9:NX_SDMMC_SetSampleClockShiftPhase	0	static
nx_sdmmc.c:1199:21:NX_SDMMC_GetSampleClockShiftPhase	0	static
nx_sdmmc.c:1210:9:NX_SDMMC_SetDriveClockDelay	0	static
nx_sdmmc.c:1229:9:NX_SDMMC_GetDriveClockDelay	0	static
nx_sdmmc.c:1240:9:NX_SDMMC_SetSampleClockDelay	0	static
nx_sdmmc.c:1259:9:NX_SDMMC_GetSampleClockDelay	0	static
nx_sdmmc.c:1303:9:NX_SDMMC_SetDataTimeOut	0	static
nx_sdmmc.c:1328:9:NX_SDMMC_GetDataTimeOut	0	static
nx_sdmmc.c:1353:9:NX_SDMMC_SetResponseTimeOut	0	static
nx_sdmmc.c:1378:9:NX_SDMMC_GetResponseTimeOut	0	static
nx_sdmmc.c:1399:9:NX_SDMMC_SetDataBusWidth	0	static
nx_sdmmc.c:1415:9:NX_SDMMC_GetDataBusWidth	0	static
nx_sdmmc.c:1433:9:NX_SDMMC_SetBlockSize	0	static
nx_sdmmc.c:1448:9:NX_SDMMC_GetBlockSize	0	static
nx_sdmmc.c:1467:9:NX_SDMMC_SetByteCount	0	static
nx_sdmmc.c:1482:9:NX_SDMMC_GetByteCount	0	static
nx_sdmmc.c:1496:9:NX_SDMMC_SetCommandArgument	0	static
nx_sdmmc.c:1525:9:NX_SDMMC_SetCommand	0	static
nx_sdmmc.c:1548:9:NX_SDMMC_StartCommand	0	static
nx_sdmmc.c:1582:9:NX_SDMMC_IsCommandBusy	0	static
nx_sdmmc.c:1598:9:NX_SDMMC_GetShortResponse	0	static
nx_sdmmc.c:1614:9:NX_SDMMC_GetLongResponse	0	static
nx_sdmmc.c:1647:9:NX_SDMMC_GetAutoStopResponse	0	static
nx_sdmmc.c:1661:9:NX_SDMMC_GetResponseIndex	0	static
nx_sdmmc.c:1694:9:NX_SDMMC_SetFIFORxThreshold	0	static
nx_sdmmc.c:1719:9:NX_SDMMC_GetFIFORxThreshold	0	static
nx_sdmmc.c:1750:9:NX_SDMMC_SetFIFOTxThreshold	0	static
nx_sdmmc.c:1775:9:NX_SDMMC_GetFIFOTxThreshold	0	static
nx_sdmmc.c:1792:9:NX_SDMMC_GetFIFOCount	0	static
nx_sdmmc.c:1810:9:NX_SDMMC_IsFIFOFull	0	static
nx_sdmmc.c:1828:9:NX_SDMMC_IsFIFOEmpty	0	static
nx_sdmmc.c:1848:9:NX_SDMMC_IsFIFOTxThreshold	0	static
nx_sdmmc.c:1868:9:NX_SDMMC_IsFIFORxThreshold	0	static
nx_sdmmc.c:1885:9:NX_SDMMC_GetDataTransferSize	0	static
nx_sdmmc.c:1899:9:NX_SDMMC_GetFIFOTransferSize	0	static
nx_sdmmc.c:1917:9:NX_SDMMC_SetData	0	static
nx_sdmmc.c:1934:9:NX_SDMMC_GetData	0	static
nx_sdmmc.c:1953:9:NX_SDMMC_SetData32	0	static
nx_sdmmc.c:1989:9:NX_SDMMC_GetData32	0	static
nx_sdmmc.c:2027:17:NX_SDMMC_GetDataPointer	0	static
nx_sdmmc.c:2039:9:NX_SDMMC_MakeBIU	12	static
nx_sdmmc.c:2082:9:NX_SDMMC_GetDataBIU	0	static
nx_sdmmc.c:2091:9:NX_SDMMC_SetDataBIU	0	static
nx_sdmmc.c:2100:6:NX_SDMMC_PollDemand	0	static
nx_sdmmc.c:2108:6:NX_SDMMC_SetDMACStatus	0	static
nx_sdmmc.c:2116:5:NX_SDMMC_GetDMACStatus	0	static
nx_sdmmc.c:2124:6:NX_SDMMC_SetDMACIntEnable	0	static
nx_sdmmc.c:2132:5:NX_SDMMC_GetDMACIntEnable	0	static
nx_sdmmc.c:2140:7:NX_SDMMC_GetDMACResetStatus	0	static
nx_sdmmc.c:2148:6:NX_SDMMC_SetDMACBurstLength	0	static
nx_sdmmc.c:2196:6:NX_SDMMC_SetIDMACEnable	0	static
nx_sdmmc.c:2213:7:NX_SDMMC_GetIDMACEnable	0	static
nx_sdmmc.c:2221:6:NX_SDMMC_SetDescSkipLen	0	static
nx_sdmmc.c:2238:5:NX_SDMMC_GetDescSkipLen	0	static
nx_sdmmc.c:2246:6:NX_SDMMC_ResetIDMAC	0	static
nx_sdmmc.c:2261:7:NX_SDMMC_IsResetIDMAC	0	static
nx_sdmmc.c:2269:6:NX_SDMMC_SetDebounce	0	static
nx_sdmmc.c:2278:5:NX_SDMMC_GetDebounce	0	static
nx_sdmmc.c:2286:7:NX_SDMMC_IsIDMACSupported	0	static
nx_sdmmc.c:2311:9:NX_SDMMC_SetCardVoltage	0	static
nx_sdmmc.c:2329:9:NX_SDMMC_GetCardVoltage	0	static
nx_sdmmc.c:2346:9:NX_SDMMC_IsDataTransferBusy	0	static
nx_sdmmc.c:2366:9:NX_SDMMC_IsCardDataBusy	0	static
nx_sdmmc.c:2394:9:NX_SDMMC_IsCardPresent	0	static
nx_sdmmc.c:2412:9:NX_SDMMC_SetDDRMode	0	static
nx_sdmmc.c:2429:9:NX_SDMMC_GetDDRMode	0	static
nx_sdmmc.c:2437:9:NX_SDMMC_SetVoltageMode	0	static
nx_sdmmc.c:2454:9:NX_SDMMC_GetVoltageMode	0	static
nx_sdmmc.c:2469:17:NX_SDMMC_GetCommandFSM	0	static
nx_sdmmc.c:227:9:NX_SDMMC_CheckBusy	8	static
nx_sdmmc.c:245:9:NX_SDMMC_CanPowerDown	8	static
