nx_usb20host.c:36:7:NX_USB20HOST_Initialize	0	static
nx_usb20host.c:60:6:NX_USB20HOST_GetNumberOfModule	0	static
nx_usb20host.c:70:6:NX_USB20HOST_GetSizeOfRegisterSet	0	static
nx_usb20host.c:81:6:NX_USB20HOST_SetBaseAddress	0	static
nx_usb20host.c:95:7:NX_USB20HOST_GetBaseAddress	0	static
nx_usb20host.c:108:6:NX_USB20HOST_GetPhysicalAddress	0	static
nx_usb20host.c:123:7:NX_USB20HOST_OpenModule	0	static
nx_usb20host.c:137:7:NX_USB20HOST_CloseModule	0	static
nx_usb20host.c:151:7:NX_USB20HOST_CheckBusy	0	static
nx_usb20host.c:168:5:NX_USB20HOST_GetClockNumber	0	static
nx_usb20host.c:185:5:NX_USB20HOST_GetResetNumber	0	static
nx_usb20host.c:206:5:NX_USB20HOST_GetNumberOfPADMode	0	static
nx_usb20host.c:212:6:NX_PAD_SetPadFunctionEnable	0	static
nx_usb20host.c:228:5:NX_USB20HOST_EnablePAD	8	static
nx_usb20host.c:258:6:SetHCCAPBASE	0	static
nx_usb20host.c:263:6:SetHCSPARAMS	0	static
nx_usb20host.c:268:6:SetHCCPARAMS	0	static
nx_usb20host.c:273:6:SetUSBCMD	0	static
nx_usb20host.c:278:6:SetUSBSTS	0	static
nx_usb20host.c:283:6:SetUSBINTR	0	static
nx_usb20host.c:288:6:SetFRINDEX	0	static
nx_usb20host.c:293:6:SetCTRLDSSEGMENT	0	static
nx_usb20host.c:298:6:SetPERIODICLISTBASE	0	static
nx_usb20host.c:303:6:SetASYNCLISTADDR	0	static
nx_usb20host.c:308:6:SetCONFIGFLAG	0	static
nx_usb20host.c:313:6:SetPORTSC	0	static
nx_usb20host.c:318:6:SetINSNREG00	0	static
nx_usb20host.c:323:6:SetINSNREG01	0	static
nx_usb20host.c:328:6:SetINSNREG02	0	static
nx_usb20host.c:333:6:SetINSNREG03	0	static
nx_usb20host.c:338:6:SetINSNREG04	0	static
nx_usb20host.c:343:6:SetINSNREG05	0	static
nx_usb20host.c:347:6:SetINSNREG06	0	static
nx_usb20host.c:351:6:SetINSNREG07	0	static
nx_usb20host.c:355:6:SetINSNREG08	0	static
nx_usb20host.c:363:5:GetHCCAPBASE	0	static
nx_usb20host.c:368:5:GetHCSPARAMS	0	static
nx_usb20host.c:373:5:GetHCCPARAMS	0	static
nx_usb20host.c:378:5:GetUSBCMD	0	static
nx_usb20host.c:383:5:GetUSBSTS	0	static
nx_usb20host.c:388:5:GetUSBINTR	0	static
nx_usb20host.c:393:5:GetFRINDEX	0	static
nx_usb20host.c:398:5:GetCTRLDSSEGMENT	0	static
nx_usb20host.c:403:5:GetPERIODICLISTBASE	0	static
nx_usb20host.c:408:5:GetASYNCLISTADDR	0	static
nx_usb20host.c:413:5:GetCONFIGFLAG	0	static
nx_usb20host.c:418:5:GetPORTSC	0	static
nx_usb20host.c:423:5:GetINSNREG00	0	static
nx_usb20host.c:428:5:GetINSNREG01	0	static
nx_usb20host.c:433:5:GetINSNREG02	0	static
nx_usb20host.c:438:5:GetINSNREG03	0	static
nx_usb20host.c:443:5:GetINSNREG04	0	static
nx_usb20host.c:448:5:GetINSNREG05	0	static
nx_usb20host.c:452:5:GetINSNREG06	0	static
nx_usb20host.c:456:5:GetINSNREG07	0	static
nx_usb20host.c:460:5:GetINSNREG08	0	static
nx_usb20host.c:467:10:SetHcRevision	0	static
nx_usb20host.c:468:10:SetHcControl	0	static
nx_usb20host.c:469:10:SetHcCommandStatus	0	static
nx_usb20host.c:470:10:SetHcInterruptStatus	0	static
nx_usb20host.c:471:10:SetHcInterruptEnable	0	static
nx_usb20host.c:472:10:SetHcInterruptDisable	0	static
nx_usb20host.c:473:10:SetHcHCCA	0	static
nx_usb20host.c:474:10:SetHcPeriodCurrentED	0	static
nx_usb20host.c:475:10:SetHcControlHeadED	0	static
nx_usb20host.c:476:10:SetHcControlCurrentED	0	static
nx_usb20host.c:477:10:SetHcBulkHeadED	0	static
nx_usb20host.c:478:10:SetHcBulkCurrentED	0	static
nx_usb20host.c:479:10:SetHcDoneHead	0	static
nx_usb20host.c:480:10:SetHcFmInterval	0	static
nx_usb20host.c:481:10:SetHcFmRemaining	0	static
nx_usb20host.c:482:10:SetHcFmNumber	0	static
nx_usb20host.c:483:10:SetHcPeriodicStart	0	static
nx_usb20host.c:484:10:SetHcLSThreshold	0	static
nx_usb20host.c:485:10:SetHcRhDescriptorA	0	static
nx_usb20host.c:486:10:SetHcRhDescriptorB	0	static
nx_usb20host.c:487:10:SetHcRhStatus	0	static
nx_usb20host.c:488:10:SetHcRhPortStatus	0	static
nx_usb20host.c:491:9:GetHcRevision	0	static
nx_usb20host.c:492:9:GetHcControl	0	static
nx_usb20host.c:493:9:GetHcCommandStatus	0	static
nx_usb20host.c:494:9:GetHcInterruptStatus	0	static
nx_usb20host.c:495:9:GetHcInterruptEnable	0	static
nx_usb20host.c:496:9:GetHcInterruptDisable	0	static
nx_usb20host.c:497:9:GetHcHCCA	0	static
nx_usb20host.c:498:9:GetHcPeriodCurrentED	0	static
nx_usb20host.c:499:9:GetHcControlHeadED	0	static
nx_usb20host.c:500:9:GetHcControlCurrentED	0	static
nx_usb20host.c:501:9:GetHcBulkHeadED	0	static
nx_usb20host.c:502:9:GetHcBulkCurrentED	0	static
nx_usb20host.c:503:9:GetHcDoneHead	0	static
nx_usb20host.c:504:9:GetHcFmInterval	0	static
nx_usb20host.c:505:9:GetHcFmRemaining	0	static
nx_usb20host.c:506:9:GetHcFmNumber	0	static
nx_usb20host.c:507:9:GetHcPeriodicStart	0	static
nx_usb20host.c:508:9:GetHcLSThreshold	0	static
nx_usb20host.c:509:9:GetHcRhDescriptorA	0	static
nx_usb20host.c:510:9:GetHcRhDescriptorB	0	static
nx_usb20host.c:511:9:GetHcRhStatus	0	static
nx_usb20host.c:512:9:GetHcRhPortStatus	0	static
nx_usb20host.c:514:10:SetAPB00	0	static
nx_usb20host.c:515:9:GetAPB00	0	static
