nx_wdt.c:34:7:NX_WDT_Initialize	0	static
nx_wdt.c:58:6:NX_WDT_GetNumberOfModule	0	static
nx_wdt.c:71:6:NX_WDT_GetPhysicalAddress	0	static
nx_wdt.c:85:6:NX_WDT_GetSizeOfRegisterSet	0	static
nx_wdt.c:97:6:NX_WDT_SetBaseAddress	0	static
nx_wdt.c:111:7:NX_WDT_GetBaseAddress	0	static
nx_wdt.c:125:7:NX_WDT_OpenModule	0	static
nx_wdt.c:149:7:NX_WDT_CloseModule	0	static
nx_wdt.c:173:7:NX_WDT_CheckBusy	0	static
nx_wdt.c:187:7:NX_WDT_CanPowerDown	0	static
nx_wdt.c:199:5:NX_WDT_GetResetNumber	8	static
nx_wdt.c:215:5:NX_WDT_GetNumberOfReset	0	static
nx_wdt.c:229:6:NX_WDT_GetInterruptNumber	0	static
nx_wdt.c:250:6:NX_WDT_SetInterruptEnable	0	static
nx_wdt.c:280:7:NX_WDT_GetInterruptEnable	0	static
nx_wdt.c:298:6:NX_WDT_ClearInterruptPending	0	static
nx_wdt.c:321:6:NX_WDT_SetPrescaler	0	static
nx_wdt.c:349:5:NX_WDT_GetPrescaler	0	static
nx_wdt.c:367:6:NX_WDT_SetClockDivide	0	static
nx_wdt.c:396:18:NX_WDT_GetClockDivide	0	static
nx_wdt.c:414:6:NX_WDT_SetEnable	0	static
nx_wdt.c:442:8:NX_WDT_GetEnable	0	static
nx_wdt.c:460:6:NX_WDT_SetResetEnable	0	static
nx_wdt.c:488:8:NX_WDT_GetResetEnable	0	static
nx_wdt.c:505:6:NX_WDT_SetReloadCount	0	static
nx_wdt.c:532:6:NX_WDT_GetReloadCount	0	static
nx_wdt.c:549:6:NX_WDT_SetCurrentCount	0	static
nx_wdt.c:576:6:NX_WDT_GetCurrentCount	0	static
