00000000 T _start
00000020 t _reset
00000024 T _undefined_instruction
00000028 T _software_interrupt
0000002c T _prefetch_abort
00000030 T _data_abort
00000034 T _not_used
00000038 T _irq
0000003c T _fiq
00000040 T IRQ_STACK_START_IN
00000060 t undefined_instruction
000000c0 t software_interrupt
00000120 t prefetch_abort
00000180 t data_abort
000001e0 t not_used
00000240 t irq
000002a0 t fiq
00000300 t __do_data_abort_veneer
0000030c t __do_not_used_veneer
00000318 t __do_software_interrupt_veneer
00000324 t __do_undefined_instruction_veneer
00000330 t __do_irq_veneer
0000033c t __do_prefetch_abort_veneer
00000348 t __do_fiq_veneer
42c00000 T __image_copy_start
42c00000 T _stext
42c00020 t _undefined_instruction
42c00024 t _software_interrupt
42c00028 t _prefetch_abort
42c0002c t _data_abort
42c00030 t _not_used
42c00034 t _irq
42c00038 t _fiq
42c00040 T TEXT_BASE
42c00044 T _bss_start_ofs
42c00048 T _bss_end_ofs
42c0004c T _end_ofs
42c00050 T reset
42c0006c t relocate_to_text
42c00084 t copy_loop_text
42c0009c t clear_bss
42c000b4 t clbss_l
42c00110 T c_runtime_cpu_setup
42c00128 W save_boot_params
42c0012c T cpu_init_cp15
42c00164 T cpu_init_crit
42c00180 T raise
42c0019c T do_new_cmd
42c00284 T setup_revision_tag
42c002b8 W setup_board_tags
42c002bc T do_goImage
42c00480 t PutPixel555To565
42c004ac t PutPixel565To888
42c004ec t PutPixel565To8888
42c00534 t PutPixel888To565
42c00568 t PutPixel888To565
42c0059c t PutPixel888To888
42c005c4 t PutPixel888To888
42c005ec t PutPixel888To8888
42c00600 t PutPixel888To8888
42c00614 T lcd_set_logo_bmp_addr
42c00624 T lcd_draw_boot_logo
42c00ef0 T do_drawbmp
42c00f5c t do_loadbmp
42c0111c t ALPHAPixel888To565
42c01164 t ALPHAPixel888To888
42c011a4 t ALPHAPixel888To8888
42c011c0 t lcd_draw_text_eng0816
42c01394 T lcd_debug_init
42c014d8 T lcd_fill_rectangle
42c01584 T lcd_draw_text
42c015b4 T lcd_draw_string
42c0179c T CalUSBID
42c0184c T GetUSBID
42c0185c t nx_usb_write_in_fifo
42c01894 t nx_udc_int_hndlr
42c01fa8 T iUSBBOOT
42c02220 T do_usbdown
42c022a0 t mmc_get_part_table_extended
42c0245c T mmc_get_part_table
42c024a0 T mmc_make_part_table_extended
42c02708 T mmc_make_part_table
42c02af8 t do_fdisk
42c02c44 t fboot_reset_handler
42c02c70 t fboot_reset_handler
42c02c74 t part_lists_print
42c02dc4 t parse_part_address
42c02fcc t parse_part_fs
42c0313c t parse_part_partition
42c0333c t mmc_make_parts
42c03410 t mmc_part_capacity
42c034d4 t mmc_check_part_table
42c035c4 t mmc_part_write
42c03964 t parse_part_device
42c03c00 t part_lists_make
42c03ec8 t fboot_cmd_oem
42c03f18 t fboot_cmd_erase
42c03f74 t fboot_cmd_format
42c03fd0 t fboot_cmd_boot
42c0402c t fboot_cmd_download
42c0415c t fboot_cmd_reboot
42c04198 t fboot_setenv.isra.1
42c043e4 t fboot_cmd_getvar
42c0477c t fboot_cmd_flash
42c04df0 t fboot_rx_handler
42c05064 t fboot_rx_handler
42c0506c t do_fastboot
42c053f4 T fboot_usb_descriptor
42c05478 T do_update_mmc
42c058bc t write_raw_chunk
42c058fc T check_compress_ext4
42c059e8 T write_compressed_ext4
42c05aa0 T _IRQ_STACK_START_IN_
42c05ac0 T undefined_instruction
42c05b20 T software_interrupt
42c05b80 T prefetch_abort
42c05be0 T data_abort
42c05c40 T not_used
42c05ca0 T irq
42c05d00 T fiq
42c05d60 T lowlevel_init
42c05db0 T mmu_turn_on
42c05dc0 T enable_mmu
42c05e08 T disable_mmu
42c05e20 t v7_maint_dcache_all
42c05ef0 T invalidate_icache_all
42c05f08 W v7_outer_cache_enable
42c05f0c W v7_outer_cache_disable
42c05f10 W v7_outer_cache_flush_all
42c05f14 T flush_dcache_all
42c05f28 W v7_outer_cache_inval_all
42c05f2c T invalidate_dcache_all
42c05f40 T arm_init_before_mmu
42c05f68 W v7_outer_cache_flush_range
42c05f6c T flush_dcache_range
42c05fa8 T mmu_page_table_flush
42c05fcc T flush_cache
42c05fd4 W cpu_cache_initialization
42c05fd8 T cleanup_before_linux
42c06004 T enable_caches
42c06008 T arch_cpu_init
42c06050 T print_cpuinfo
42c06060 T dram_init
42c06070 T dram_init_banksize
42c060a8 T gdt_reset
42c061ec T arch_misc_init
42c061f4 T arch_preboot_os
42c061f8 T nxp_set_bus_config
42c06364 T nxp_periph_init
42c063b8 T nxp_cpu_init
42c06594 T nxp_before_linux
42c06598 T nxp_cpu_version
42c065bc T nxp_print_cpuinfo
42c065c0 t pll_get_div
42c06604 t pll_get_rate.constprop.3
42c0667c t core_update_rate
42c06a54 T clk_get
42c06b0c T clk_get_rate
42c06b20 T clk_round_rate
42c06e00 T clk_set_rate
42c06ebc T clk_enable
42c07014 T clk_disable
42c070a4 T nxp_clk_init
42c071c0 T nxp_clk_print
42c072e8 T reset_cpu
42c072fc T timer_start
42c07408 T timer_stop
42c07498 T reset_timer_masked
42c07504 T timer_init
42c0779c T get_timer_masked
42c077f8 T get_timer
42c0781c T __udelay
42c078ac T get_ticks
42c078bc T get_tbclk
42c078cc T i2c_gpio_init
42c07930 T mmu_on
42c07ad0 T NX_RSTCON_Initialize
42c07afc T NX_RSTCON_GetPhysicalAddress
42c07b08 T NX_RSTCON_SetBaseAddress
42c07b18 T NX_RSTCON_SetnRST
42c07b4c T NX_RSTCON_SetRST
42c07b80 T NX_RSTCON_GetnRST
42c07ba4 T NX_CLKGEN_Initialize
42c07be4 T NX_CLKGEN_GetNumberOfModule
42c07bec T NX_CLKGEN_GetPhysicalAddress
42c07bfc T NX_CLKGEN_SetBaseAddress
42c07c0c T NX_CLKPWR_Initialize
42c07c38 T NX_CLKPWR_GetPhysicalAddress
42c07c44 T NX_CLKPWR_SetBaseAddress
42c07c54 T NX_CLKPWR_OpenModule
42c07c5c T NX_CLKPWR_SetSoftwareResetEnable
42c07c7c T NX_CLKPWR_DoSoftwareReset
42c07c94 T NX_MCUS_Initialize
42c07cc0 T NX_MCUS_GetPhysicalAddress
42c07ccc T NX_MCUS_SetBaseAddress
42c07cdc T NX_MCUS_OpenModule
42c07ce4 T NX_MCUS_SetStaticBUSConfig
42c07e44 T NX_ALIVE_Initialize
42c07e70 T NX_ALIVE_GetPhysicalAddress
42c07e7c T NX_ALIVE_SetBaseAddress
42c07e8c T NX_ALIVE_OpenModule
42c07e94 T NX_ALIVE_ClearInterruptPending
42c07eb0 T NX_ALIVE_SetWriteEnable
42c07ec4 T NX_ALIVE_SetScratchReg
42c07ee0 T NX_ALIVE_GetScratchReg
42c07ef4 T NX_ALIVE_SetPullUpEnable
42c07f18 T NX_ALIVE_SetDetectEnable
42c07f3c T NX_ALIVE_SetDetectMode
42c07ffc T NX_ALIVE_SetOutputEnable
42c08020 T NX_ALIVE_SetOutputValue
42c08044 T NX_ALIVE_GetInputValue
42c08060 T NX_GPIO_SetBit
42c08078 T NX_GPIO_SetBit2
42c08094 T NX_GPIO_Initialize
42c08114 T NX_GPIO_GetNumberOfModule
42c0811c T NX_GPIO_GetPhysicalAddress
42c0812c T NX_GPIO_SetBaseAddress
42c0813c T NX_GPIO_OpenModule
42c08144 T NX_GPIO_ClearInterruptPendingAll
42c0815c T NX_GPIO_SetInterruptMode
42c081a0 T NX_GPIO_SetOutputEnable
42c081b4 T NX_GPIO_SetOutputValue
42c081c4 T NX_GPIO_GetInputValue
42c081e0 T NX_GPIO_SetPullMode
42c08268 T NX_GPIO_SetPadFunction
42c08288 T NX_GPIO_SetDRV1
42c0829c T NX_GPIO_GetDRV1
42c082b0 T NX_GPIO_SetDRV1_DISABLE_DEFAULT
42c082c4 T NX_GPIO_SetDRV0
42c082d8 T NX_GPIO_GetDRV0
42c082ec T NX_GPIO_SetDRV0_DISABLE_DEFAULT
42c08300 T NX_GPIO_SetDriveStrength
42c08338 T NX_TIEOFF_Initialize
42c08364 T NX_TIEOFF_SetBaseAddress
42c08374 T NX_TIEOFF_GetPhysicalAddress
42c08380 T NX_TIEOFF_Set
42c083c4 T NX_WDT_Initialize
42c083f0 T NX_WDT_GetPhysicalAddress
42c083fc T NX_WDT_SetBaseAddress
42c0840c T NX_WDT_OpenModule
42c08414 T NX_WDT_GetInterruptNumber
42c0841c T NX_WDT_ClearInterruptPending
42c08434 T NX_WDT_SetEnable
42c08454 T NX_WDT_GetEnable
42c0846c T NX_WDT_SetResetEnable
42c0848c T NX_DISPLAYTOP_Initialize
42c084b8 T NX_DISPLAYTOP_GetPhysicalAddress
42c084c4 T NX_DISPLAYTOP_SetBaseAddress
42c084d4 T NX_DISPLAYTOP_OpenModule
42c084dc T NX_DISPLAYTOP_SetHDMIMUX
42c084f4 T NX_DISPLAYTOP_SetLVDSMUX
42c0850c T NX_DISPLAYTOP_GetResetNumber
42c08514 T NX_DISPLAYTOP_SetPrimaryMUX
42c08528 T NX_DISPLAYTOP_HDMI_SetVSyncStart
42c0853c T NX_DISPLAYTOP_HDMI_SetVSyncHSStartEnd
42c08554 T NX_DISPLAYTOP_HDMI_SetHActiveStart
42c08568 T NX_DISPLAYTOP_HDMI_SetHActiveEnd
42c0857c T NX_DISPTOP_CLKGEN_Initialize
42c085bc T NX_DISPTOP_CLKGEN_GetPhysicalAddress
42c085cc T NX_DISPTOP_CLKGEN_SetBaseAddress
42c085dc T NX_DISPTOP_CLKGEN_SetClockPClkMode
42c08608 T NX_DISPTOP_CLKGEN_SetClockSource
42c0862c T NX_DISPTOP_CLKGEN_SetClockDivisor
42c08658 T NX_DISPTOP_CLKGEN_SetClockDivisorEnable
42c08678 T NX_DUALDISPLAY_GetResetNumber
42c08680 T NX_MLC_Initialize
42c086b0 T NX_MLC_GetPhysicalAddress
42c086dc T NX_MLC_SetBaseAddress
42c086ec T NX_MLC_OpenModule
42c086f4 T NX_MLC_SetClockPClkMode
42c08720 T NX_MLC_SetClockBClkMode
42c08754 T NX_MLC_SetTopPowerMode
42c08778 T NX_MLC_SetTopSleepMode
42c087a0 T NX_MLC_SetTopDirtyFlag
42c087bc T NX_MLC_SetMLCEnable
42c087dc T NX_MLC_SetFieldEnable
42c087fc T NX_MLC_SetLayerPriority
42c0881c T NX_MLC_SetScreenSize
42c0883c T NX_MLC_SetBackground
42c08850 T NX_MLC_SetDirtyFlag
42c08890 T NX_MLC_SetLayerEnable
42c088d8 T NX_MLC_SetLockSize
42c08910 T NX_MLC_SetAlphaBlending
42c08970 T NX_MLC_SetTransparency
42c089b4 T NX_MLC_SetColorInversion
42c089f8 T NX_MLC_SetFormatRGB
42c08a2c T NX_MLC_SetPosition
42c08ad0 T NX_MLC_SetDitherEnableWhenUsingGamma
42c08af0 T NX_MLC_SetGammaPriority
42c08b10 T NX_MLC_SetRGBLayerInvalidPosition
42c08b7c T NX_MLC_SetRGBLayerStride
42c08bc4 T NX_MLC_SetRGBLayerAddress
42c08bf4 T NX_MLC_SetRGBLayerGamaTablePowerMode
42c08c20 T NX_MLC_SetRGBLayerGamaTableSleepMode
42c08c5c T NX_MLC_SetRGBLayerGammaEnable
42c08c7c T NX_DPC_Initialize
42c08cac T NX_DPC_GetPhysicalAddress
42c08cd8 T NX_DPC_SetBaseAddress
42c08ce8 T NX_DPC_OpenModule
42c08cf0 T NX_DPC_SetClockPClkMode
42c08d1c T NX_DPC_SetClockSource
42c08d40 T NX_DPC_SetClockDivisor
42c08d6c T NX_DPC_SetClockOutInv
42c08d90 T NX_DPC_SetClockOutDelay
42c08db4 T NX_DPC_SetClockDivisorEnable
42c08dd4 T NX_DPC_SetDPCEnable
42c08df4 T NX_DPC_SetDelay
42c08e24 T NX_DPC_SetDither
42c08e4c T NX_DPC_SetMode
42c08f40 T NX_DPC_SetHSync
42c08f9c T NX_DPC_SetVSync
42c09038 T NX_DPC_SetVSyncOffset
42c0905c T NX_LVDS_Initialize
42c09088 T NX_LVDS_GetNumberOfModule
42c09090 T NX_LVDS_SetBaseAddress
42c090a0 T NX_LVDS_GetPhysicalAddress
42c090ac T NX_LVDS_GetResetNumber
42c090b4 T NX_LVDS_SetLVDSCTRL0
42c090c8 T NX_LVDS_SetLVDSCTRL1
42c090dc T NX_LVDS_SetLVDSCTRL2
42c090f0 T NX_LVDS_SetLVDSCTRL3
42c09104 T NX_LVDS_SetLVDSCTRL4
42c09118 T NX_LVDS_SetLVDSTMODE0
42c0912c T NX_LVDS_SetLVDSLOC0
42c09140 T NX_LVDS_SetLVDSLOC1
42c09154 T NX_LVDS_SetLVDSLOC2
42c09168 T NX_LVDS_SetLVDSLOC3
42c0917c T NX_LVDS_SetLVDSLOC4
42c09190 T NX_LVDS_SetLVDSLOC5
42c091a4 T NX_LVDS_SetLVDSLOC6
42c091b8 T NX_LVDS_SetLVDSLOCMASK0
42c091cc T NX_LVDS_SetLVDSLOCMASK1
42c091e0 T NX_LVDS_SetLVDSLOCPOL0
42c091f4 T NX_HDMI_GetReg
42c09208 T NX_HDMI_SetReg
42c0921c T NX_HDMI_Initialize
42c0923c T NX_HDMI_SetBaseAddress
42c0924c T NX_HDMI_GetPhysicalAddress
42c09258 T NX_HDMI_GetResetNumber
42c0929c t send_start
42c09300 t send_stop
42c09360 t write_byte
42c0942c T do_i2c_mode
42c094f8 T i2c_get_bus_num
42c09508 T i2c_set_bus_speed
42c09588 T i2c_set_bus_num
42c095d4 T i2c_get_bus_speed
42c095ec T i2c_init
42c09610 T i2c_write
42c0971c T i2c_read
42c09884 T i2c_probe
42c098e0 t dw_mci_clksel
42c098f4 t dw_mci_get_clk
42c09944 t dw_mci_init.constprop.1
42c09a54 T board_mmc_init
42c09af8 T disp_initialize
42c09b1c T disp_topctl_reset
42c09b4c T disp_syncgen_reset
42c09b80 T disp_syncgen_init
42c09bb0 T disp_syncgen_enable
42c09bd8 T disp_syncgen_setup
42c09e78 T disp_multily_init
42c09eb4 T disp_multily_enable
42c09ef8 T disp_multily_setup
42c0a0d0 T display_lvds
42c0a338 t disp_hdmi_enable.part.1
42c0a3b0 T display_hdmi
42c0afdc T display_rgb
42c0b0ac T gpio_direction_input
42c0b0e4 T gpio_direction_output
42c0b148 T gpio_get_value
42c0b168 t s3c_usb_core_soft_reset
42c0b190 t s3c_usb_write_ep0_fifo
42c0b1e0 t s3c_usb_write_in_fifo
42c0b230 t s3c_usb_read_out_fifo
42c0b27c t s3c_usb_set_inep_xfersize.part.0
42c0b298 T fboot_usb_int_bulkin
42c0b358 T fboot_usb_int_bulkout
42c0b3ec T fboot_usb_set_descriptors
42c0b590 T fastboot_getvar
42c0b598 T s3c_usbctl_init
42c0b720 T fboot_usbctl_init
42c0b740 T fastboot_init
42c0b80c T s3c_usb_stop
42c0b820 T fastboot_shutdown
42c0b824 T s3c_udc_int_hndlr
42c0d88c T fastboot_poll
42c0d8fc T fastboot_tx_status
42c0d958 T otg_clk_enable
42c0d95c T otg_phy_init
42c0da5c T otg_phy_off
42c0db14 t boot_jump_linux.isra.5
42c0dbb8 T arch_lmb_reserve
42c0dbdc t boot_prep_linux.isra.6
42c0dcfc T do_bootm_linux
42c0dd58 T boot_prep_vxworks
42c0dd5c T boot_jump_vxworks
42c0dd68 T interrupt_init
42c0dd84 T enable_interrupts
42c0dd88 T disable_interrupts
42c0dd90 T bad_mode
42c0dda0 T show_regs
42c0dedc T do_undefined_instruction
42c0defc T do_software_interrupt
42c0df1c T do_prefetch_abort
42c0df3c T do_data_abort
42c0df5c T do_not_used
42c0df7c T do_fiq
42c0df9c T do_irq
42c0dfbc T do_reset
42c0dfe8 t cp_delay
42c0e018 T icache_disable
42c0e034 T dcache_disable
42c0e05c t bd_gpio_init
42c0e1f4 t bd_update_env
42c0e468 T board_mmc_bootdev
42c0e478 T board_early_init_f
42c0e5d4 T board_init
42c0e644 T bd_display_run
42c0e6b0 T board_late_init
42c0e800 t crc8
42c0e838 t wait_loops
42c0e84c t onewire_i2c_do_request
42c0e8f8 t onewire_session
42c0ea88 T onewire_init
42c0eb88 T onewire_get_info
42c0ec30 T onewire_get_lcd_id
42c0ec40 T onewire_set_backlight
42c0eccc t s70_gpio_init
42c0ed20 t s430_gpio_init
42c0ed48 t hd101_gpio_init
42c0ed70 T nanopi2_setup_lcd_by_id
42c0edb8 T nanopi2_setup_lcd_by_name
42c0eea8 T nanopi2_get_lcd
42c0eecc T nanopi2_get_lcd_name
42c0eef0 T nanopi2_get_lcd_format
42c0ef14 T nanopi2_get_lcd_density
42c0ef38 T board_rev_init
42c0eff0 T get_board_rev
42c0f010 T get_board_name
42c0f0b4 t nxp_platform_disp_init.isra.0
42c0f1c4 t bd_disp_lvds
42c0f340 T bd_display
42c0f5ec T fboot_lcd_start
42c0f688 T fboot_lcd_stop
42c0f698 T fboot_lcd_part
42c0f6f4 T fboot_lcd_down
42c0f74c T fboot_lcd_flash
42c0f7a8 T fboot_lcd_status
42c0f800 T __show_boot_progress
42c0f800 W show_boot_progress
42c0f804 T main_loop
42c0f824 T find_cmd_tbl
42c0f8c8 T find_cmd
42c0f8f0 T cmd_usage
42c0f94c T _do_help
42c0facc T cmd_get_data_size
42c0fb28 T cmd_process
42c0fc1c t dummy
42c0fc20 T get_version
42c0fc28 T jumptable_init
42c0fdc8 T hash_command
42c0fe68 t b_reset
42c0fe84 t static_get
42c0fea0 t static_peek
42c0feac t file_peek
42c0feb8 t mapset
42c0fed8 t syntax_err
42c0fee4 t free_pipe_list
42c0ffd4 t xmalloc
42c0fff4 t new_pipe
42c1001c t xrealloc
42c1003c t done_command
42c100c4 t done_pipe
42c1010c t done_word
42c103e4 t do_showvar
42c104e0 t is_assignment
42c1053c t file_get
42c10728 t b_addchr
42c107a0 t b_addqchr
42c107f0 T get_local_var
42c10890 T set_local_var
42c10a3c t insert_var_value_sub
42c10cfc T parse_string_outer
42c10de0 t run_list_real
42c115c4 t parse_stream_outer
42c11c94 T parse_file_outer
42c11cd8 T u_boot_hush_start
42c11d2c T run_command
42c11d34 T run_command_list
42c11d90 T do_run
42c11e04 T cli_loop
42c11e10 T cli_init
42c11e14 t delete_char.part.0
42c11ee4 t cread_add_char
42c11fcc T cli_readline_into_buffer
42c128d8 T cli_readline
42c128ec T bootdelay_process
42c12938 T autoboot_command
42c12a30 t trace_early_init
42c12a38 t display_text_info
42c12a40 t setup_mon_len
42c12a60 t reserve_round_4k
42c12a78 t reserve_mmu
42c12ab0 t reserve_trace
42c12ab8 t reserve_uboot
42c12ae8 t reserve_malloc
42c12afc t setup_machine
42c12b04 t reserve_global_data
42c12b20 t reserve_fdt
42c12b6c t reserve_stacks
42c12ba0 t display_new_sp
42c12ba8 t setup_reloc
42c12bd4 t reloc_fdt
42c12c04 t reserve_board
42c12c34 t announce_dram_init
42c12c4c t init_func_i2c
42c12c80 t init_baud_rate
42c12cac t setup_fdt
42c12cd4 t mark_bootstage
42c12ce8 T __board_add_ram_info
42c12ce8 W board_add_ram_info
42c12cec t show_dram_config
42c12d24 t setup_dram_config
42c12d34 W board_get_usable_ram_top
42c12d3c t setup_dest_addr
42c12d78 T board_init_f
42c12dc4 t bootstage_relocate
42c12dcc t initr_trace
42c12dd4 t initr_reloc_global_data
42c12dfc t initr_barrier
42c12e04 W power_init_board
42c12e0c t initr_announce
42c12e14 T initr_mmc
42c12e34 t run_main_loop
42c12e40 t initr_enable_interrupts
42c12e50 t initr_jumptable
42c12e60 t initr_env
42c12e90 t initr_malloc
42c12eac t initr_serial
42c12ebc t initr_caches
42c12ecc t initr_reloc
42c12eec T __cpu_secondary_init_r
42c12eec W cpu_secondary_init_r
42c12ef0 t initr_secondary_cpu
42c12f00 T board_init_r
42c12f18 W do_go_exec
42c12f28 t do_go
42c12f94 T do_bootm
42c130a4 T do_bootd
42c130c4 t image_info
42c13190 t do_iminfo
42c131f0 T bootm_find_ramdisk_fdt
42c1323c T do_bootm_states
42c13998 t do_bootm_standalone
42c139fc t do_bootm_plan9
42c13acc T do_bootvx_fdt
42c13b08 t do_bootm_vxworks
42c13b2c T boot_selected_os
42c13b84 T bootm_os_get_boot_func
42c13b94 t do_help
42c13bdc t do_version
42c13c14 T env_attr_walk
42c13d28 T env_attr_lookup
42c13eb4 t clear_callback
42c13ec4 t find_env_callback
42c13f2c t on_callbacks
42c13f74 t set_callback
42c14008 T env_callback_init
42c140cc t clear_flags
42c140dc t on_flags
42c14124 T env_flags_parse_vartype
42c14174 T env_flags_parse_varaccess
42c141cc t set_flags
42c14278 T env_flags_init
42c14350 T env_flags_validate
42c14578 t init_mmc_for_env
42c145ac W mmc_get_env_addr
42c145bc T env_init
42c145d8 T saveenv
42c146d4 T env_relocate_spec
42c14798 T source
42c14870 T do_source
42c148b4 t print_num
42c148cc T do_bdinfo
42c1498c t do_exit
42c149bc T do_ext4_load
42c149d4 T do_ext4_ls
42c149ec T do_ext4_write
42c14adc T do_fat_fsload
42c14af4 t do_fat_ls
42c14b0c t do_fat_fsinfo
42c14b9c t do_fat_fswrite
42c14c98 t get_alen
42c14cd4 t do_i2c
42c14d38 t do_i2c_reset
42c14d54 t do_i2c_mw
42c14e40 t do_i2c_read
42c14ef0 t do_i2c_probe
42c14f8c t do_i2c_md
42c15168 t do_i2c_crc
42c15280 T do_i2c_bus_num
42c152f4 t do_i2c_write
42c153e4 t do_i2c_loop
42c154c4 t mod_i2c_mem.isra.3
42c156bc t do_i2c_nm
42c156c4 t do_i2c_mm
42c156cc t do_i2c_bus_speed
42c15740 t do_mem_mw
42c15800 t do_mem_loop
42c158ec t do_mem_md
42c159d8 t do_mem_cmp
42c15b44 t do_mem_base
42c15b84 t do_mem_cp
42c15c5c t do_mem_crc
42c15ca4 t do_mem_mtest
42c15e78 t mod_mem.isra.2
42c15fdc t do_mem_mm
42c15fe4 t do_mem_nm
42c15fec t do_mmcops
42c160a0 t init_mmc_device
42c160f4 t do_mmc_rescan
42c16118 t do_mmc_list
42c1612c t do_mmc_dev
42c16260 t do_mmc_part
42c162bc t do_mmc_erase
42c163a4 t do_mmc_write
42c1645c t do_mmc_read
42c16548 t do_mmcinfo
42c166c0 t do_mmc_setdsr
42c16770 t do_false
42c16778 t do_true
42c16780 t do_test
42c16abc t do_env_delete
42c16b58 t do_env_save
42c16b84 t do_env
42c16be8 t env_print
42c16ca8 t do_env_print
42c16d6c t do_env_import
42c16fcc t do_env_default
42c17074 t _do_env_set.isra.1
42c1722c t do_env_set
42c17248 T setenv
42c172a0 T setenv_hex
42c172d4 t do_env_export
42c17534 T envmatch
42c175a0 T getenv_f
42c17660 T getenv
42c176d8 T getenv_ulong
42c17708 W env_get_char_spec
42c17708 t __env_get_char_spec
42c17714 T env_get_addr
42c17734 T env_get_char_memory
42c17744 T env_get_char
42c17774 T getenv_yesno
42c177b4 T getenv_default
42c177e4 T set_default_env
42c178a0 T set_default_vars
42c178d4 T env_import
42c179b0 T env_export
42c17a50 T env_relocate
42c17a80 t console_setfile
42c17b24 T fgetc
42c17b48 T ftstc
42c17b6c T getc
42c17b90 T tstc
42c17bb4 T putc
42c17be4 T puts
42c17c14 T printf
42c17c64 T vprintf
42c17ca0 T ctrlc
42c17cf8 T had_ctrlc
42c17d08 T clear_ctrlc
42c17d1c T search_device
42c17d44 T console_assign
42c17d8c t on_console
42c17e4c T console_init_f
42c17e5c T stdio_print_current_devices
42c17f0c T console_init_r
42c17fec T sbrk
42c1805c T mem_malloc_init
42c18090 T malloc_trim
42c1815c T free
42c1838c T malloc
42c18994 T calloc
42c18a68 T realloc
42c18f28 T memalign
42c19034 t on_loadaddr
42c1906c T image_check_hcrc
42c190b8 T image_check_dcrc
42c190f0 T image_multi_count
42c1910c T image_multi_getimg
42c1918c T getenv_bootm_low
42c191bc T getenv_bootm_size
42c19218 T memmove_wd
42c19224 T genimg_print_size
42c19254 T get_table_entry_name
42c19280 T genimg_get_os_name
42c19298 T genimg_get_arch_name
42c192b0 T genimg_get_type_name
42c192c8 T genimg_get_comp_name
42c192e0 T image_print_contents
42c19454 T genimg_get_format
42c19470 T genimg_get_image
42c19474 T boot_get_ramdisk
42c196ac T boot_ramdisk_high
42c197dc W get_effective_memsize
42c197e4 T stdio_get_list
42c197f0 T stdio_get_by_name
42c1984c T stdio_clone
42c19884 T stdio_register
42c198c0 T stdio_init
42c1995c T get_dev_hwpart
42c19a0c T dev_print
42c19c24 T init_part
42c19c44 T print_part
42c19d48 T get_partition_info
42c19d74 T get_device
42c19e88 T get_device_and_partition
42c1a2c8 t test_block_type
42c1a34c t print_partition_extended
42c1a5c4 t get_partition_info_extended.constprop.2
42c1a898 T test_part_dos
42c1a8fc T print_part_dos
42c1a930 T get_partition_info_dos
42c1a950 t mmc_set_ios
42c1a968 t mmc_set_capacity
42c1aa10 W board_mmc_getwp
42c1aa18 T mmc_getwp
42c1aa54 T __board_mmc_getcd
42c1aa54 W board_mmc_getcd
42c1aa5c T mmc_send_cmd
42c1aa6c t mmc_go_idle
42c1aab8 t mmc_send_op_cond_iter
42c1ab38 t mmc_send_ext_csd
42c1ab84 T mmc_send_status
42c1ac54 t mmc_switch.isra.1
42c1aca8 T mmc_set_blocklen
42c1ace8 T find_mmc_device
42c1ad34 t mmc_bread
42c1ae78 T mmc_send_op_cond
42c1aeec T mmc_complete_op_cond
42c1af78 T mmc_switch_part
42c1afc4 T mmc_select_hwpart
42c1b030 T mmc_getcd
42c1b06c T mmc_set_clock
42c1b090 t mmc_startup
42c1bb70 T mmc_create
42c1bc6c T mmc_start_init
42c1be8c T mmc_init
42c1bf18 T mmc_get_dev
42c1bf44 T mmc_set_dsr
42c1bf50 W cpu_mmc_init
42c1bf50 t __def_mmc_init
42c1bf58 T print_mmc_devices
42c1bfc4 T get_mmc_num
42c1bfd4 T mmc_initialize
42c1c048 t dwmci_setup_bus.part.3
42c1c14c t dwmci_set_ios
42c1c1d8 t dwmci_init
42c1c2e4 T dwmci_prepare_data
42c1c414 t dwmci_send_cmd
42c1c628 T add_dwmci
42c1c6b0 T mmc_berase
42c1c848 T mmc_bwrite
42c1c9ac t get_current
42c1c9ec W altera_jtag_serial_initialize
42c1c9ec W altera_serial_initialize
42c1c9ec W amirix_serial_initialize
42c1c9ec W arc_serial_initialize
42c1c9ec W arm_dcc_initialize
42c1c9ec W asc_serial_initialize
42c1c9ec W atmel_serial_initialize
42c1c9ec W au1x00_serial_initialize
42c1c9ec W bfin_jtag_initialize
42c1c9ec W bfin_serial_initialize
42c1c9ec W bmw_serial_initialize
42c1c9ec W clps7111_serial_initialize
42c1c9ec W cogent_serial_initialize
42c1c9ec W cpci750_serial_initialize
42c1c9ec W evb64260_serial_initialize
42c1c9ec W imx_serial_initialize
42c1c9ec W iop480_serial_initialize
42c1c9ec W jz_serial_initialize
42c1c9ec W ks8695_serial_initialize
42c1c9ec W leon2_serial_initialize
42c1c9ec W leon3_serial_initialize
42c1c9ec W lh7a40x_serial_initialize
42c1c9ec W lpc32xx_serial_initialize
42c1c9ec W marvell_serial_initialize
42c1c9ec W max3100_serial_initialize
42c1c9ec W mcf_serial_initialize
42c1c9ec W ml2_serial_initialize
42c1c9ec W mpc512x_serial_initialize
42c1c9ec W mpc5xx_serial_initialize
42c1c9ec W mpc8260_scc_serial_initialize
42c1c9ec W mpc8260_smc_serial_initialize
42c1c9ec W mpc85xx_serial_initialize
42c1c9ec W mpc8xx_serial_initialize
42c1c9ec W mxc_serial_initialize
42c1c9ec W mxs_auart_initialize
42c1c9ec W ns16550_serial_initialize
42c1c9ec W oc_serial_initialize
42c1c9ec W p3mx_serial_initialize
42c1c9ec W pxa_serial_initialize
42c1c9ec W s3c24xx_serial_initialize
42c1c9ec W s5p_serial_initialize
42c1c9ec W sa1100_serial_initialize
42c1c9ec W sandbox_serial_initialize
42c1c9ec W sconsole_serial_initialize
42c1c9ec W sh_serial_initialize
42c1c9ec W uartlite_serial_initialize
42c1c9ec W zynq_serial_initialize
42c1c9ec t serial_null
42c1c9f0 T serial_register
42c1ca08 T serial_stdio_init
42c1ca90 T serial_assign
42c1cadc T serial_initialize
42c1cbac T serial_init
42c1cbc0 T serial_setbrg
42c1cbd4 t on_baudrate
42c1ccc0 T serial_getc
42c1ccd4 T serial_tstc
42c1cce8 T serial_putc
42c1cd04 T serial_puts
42c1cd5c T default_serial_puts
42c1cd8c t pl01x_serial_init
42c1ce48 t pl01x_serial_setbrg
42c1ce88 t pl01x_serial_tstc
42c1cea4 t pl01x_serial_getc
42c1cee0 t pl01x_serial_putc
42c1cf34 T pl01x_serial_initialize
42c1cf40 W default_serial_console
42c1cf4c t fs_probe_unsupported
42c1cf64 t fs_ls_unsupported
42c1cf6c t fs_exists_unsupported
42c1cf74 t fs_read_unsupported
42c1cf7c t fs_write_unsupported
42c1cf84 t fs_close_unsupported
42c1cf88 t fs_get_info
42c1cfbc t fs_close
42c1cfe4 T fs_set_blk_dev
42c1d09c T fs_ls
42c1d0d8 T fs_exists
42c1d10c T fs_read
42c1d190 T do_load
42c1d34c T do_ls
42c1d3b4 T file_exists
42c1d3e0 T get_fs
42c1d3ec T ext4fs_free_node
42c1d40c T ext4fs_read_file
42c1d668 T ext4fs_ls
42c1d6e0 T ext4fs_exists
42c1d6f4 T ext4fs_read
42c1d734 T ext4fs_probe
42c1d764 T ext4_read_file
42c1d7c8 T ext4fs_div_roundup
42c1d7e8 T put_ext4
42c1d990 T ext4fs_set_block_bmap
42c1da40 T ext4fs_reset_block_bmap
42c1dadc T ext4fs_set_inode_bmap
42c1db50 T ext4fs_reset_inode_bmap
42c1dbc0 T ext4fs_checksum_update
42c1dc20 T ext4fs_get_new_blk_no
42c1dfc4 T ext4fs_get_new_inode_no
42c1e344 T ext4fs_allocate_blocks
42c1e95c T ext4fs_read_inode
42c1ea90 T ext4fs_iget
42c1eac0 T read_allocated_block
42c1f40c T ext4fs_update_parent_dentry
42c1f7a8 t search_dir
42c1f8d8 T ext4fs_get_parent_inode_num
42c1fce0 T ext4fs_filename_check
42c1fe4c T ext4fs_reinit_global
42c1ff08 T ext4fs_close
42c1ff68 T ext4fs_iterate_dir
42c201e0 t ext4fs_find_file1
42c2046c T ext4fs_find_file
42c204e4 T ext4fs_open
42c20580 T ext4fs_mount
42c20644 T ext4fs_set_blk_dev
42c206b0 T ext4fs_devread
42c20908 T ext4_read_superblock
42c20944 t ext4fs_update
42c20a30 T ext4fs_get_bgdtable
42c20b04 T ext4fs_deinit
42c20ca8 T ext4fs_init
42c20f64 T ext4fs_write
42c22210 T ext4fs_dump_metadata
42c22268 T ext4fs_free_journal
42c22350 T ext4fs_log_gdt
42c2241c T ext4fs_log_journal
42c22508 T ext4fs_put_metadata
42c225c4 T ext4fs_push_revoke_blk
42c2269c T ext4fs_free_revoke_blks
42c2270c T check_blknr_for_revoke
42c22778 T recover_transaction
42c228e0 T print_jrnl_status
42c228f8 T ext4fs_check_journal_state
42c22c14 T ext4fs_init_journal
42c22e88 T ext4fs_update_journal
42c231cc T ext2fs_crc16
42c23208 t downcase
42c23238 t disk_read
42c2329c t dirdelim
42c232cc t get_fatent
42c23420 t mkcksum
42c23470 t check_overflow
42c234e4 t disk_write
42c23568 t flush_fat_buffer
42c235e8 t set_fatent_value
42c236fc t get_fatent_value
42c238c4 t get_cluster
42c23a34 t get_name
42c23ae0 t set_cluster
42c23ba4 t set_contents
42c23d9c t read_bootsectandvi
42c23ec4 t set_name
42c24000 t slot2str
42c240bc t get_vfatname
42c24274 t flush_dir_table.constprop.7
42c24354 t do_fat_write
42c24cc0 T fat_set_blk_dev
42c24d8c T do_fat_read_at
42c258ac T do_fat_read
42c258d8 T file_fat_detectfs
42c25a20 T file_fat_ls
42c25a30 T fat_exists
42c25a5c T file_fat_read_at
42c25a78 T fat_read_file
42c25ab4 T fat_close
42c25ab8 T file_fat_write
42c25aec T zcalloc
42c25af4 T zcfree
42c25afc T inflate_fast
42c2608c T inflate_table
42c265d4 T inflateReset
42c2664c T inflateInit2_
42c26750 T inflateEnd
42c267b8 T adler32
42c26af0 T inflate
42c27fe0 T gzalloc
42c27ff0 T gzfree
42c27ff8 T zunzip
42c2811c T gunzip
42c281d4 T initcall_run_list
42c28230 t lmb_add_region
42c283d4 T lmb_init
42c283fc T lmb_add
42c28400 T lmb_reserve
42c28408 T lmb_overlaps_region
42c28460 T __lmb_alloc_base
42c28568 T lmb_alloc_base
42c2859c T lmb_alloc
42c285a4 T __board_lmb_reserve
42c285a4 W board_lmb_reserve
42c285a8 T qsort
42c28684 t cmpkey
42c28698 t _hdelete.isra.1
42c286e8 t drop_var_from_set.part.2
42c28738 t match_string.isra.3
42c28798 T hcreate_r
42c28848 T hdestroy_r
42c288c0 T hsearch_r
42c28d9c T hdelete_r
42c28e74 T hexport_r
42c29184 T himport_r
42c294d0 T hwalk_r
42c29528 T display_options
42c29548 T print_size
42c29678 T print_buffer
42c2982c T crc32_no_comp
42c29904 T crc32
42c29918 T crc32_wd
42c2991c T __div64_32
42c299ec T hang
42c29a08 T skip_spaces
42c29a30 T strim
42c29a90 T strncasecmp
42c29b2c T strcasecmp
42c29b34 T strcpy
42c29b4c T strncpy
42c29b70 T strcat
42c29ba0 T strncat
42c29bf4 T strcmp
42c29c1c T strncmp
42c29c58 T strchr
42c29c84 T strlen
42c29ca4 T strrchr
42c29ce0 T strnlen
42c29d0c T strdup
42c29d4c T strspn
42c29d88 T strpbrk
42c29dc4 T strtok
42c29e4c T memset
42c29ea8 T memcpy
42c29f14 T memmove
42c29f5c T memcmp
42c29f8c T strstr
42c29ff8 T udelay
42c2a028 T mdelay
42c2a04c t put_dec
42c2a250 t number.isra.1
42c2a4a0 t vsnprintf_internal.isra.3
42c2a928 T simple_strtoul
42c2a9e0 T strict_strtoul
42c2aa58 T simple_strtol
42c2aa80 T simple_strtoull
42c2ab5c T vsprintf
42c2ab60 T sprintf
42c2ab88 T panic
42c2abcc T simple_itoa
42c2ac20 T __udivsi3
42c2ac20 t .udivsi3_skip_div0_test
42c2ac20 t __aeabi_uidiv
42c2ae0c t __aeabi_uidivmod
42c2ae2c T __divsi3
42c2ae2c t __aeabi_idiv
42c2ae34 t .divsi3_skip_div0_test
42c2b04c t __aeabi_idivmod
42c2b06c T __lshrdi3
42c2b06c t __aeabi_llsr
42c2b088 T __ashldi3
42c2b088 t __aeabi_llsl
42c2b0a4 t __aeabi_uldivmod
42c2b0e0 t __aeabi_idiv0
42c2b0e0 t __aeabi_ldiv0
42c2b0f0 T __gnu_ldivmod_helper
42c2b12c t __gnu_uldivmod_helper
42c2b168 t __divdi3
42c2b2e8 t __udivdi3
42c2b8b4 r ALPHAPIXELTABLE
42c2b8c0 r PUTPIXELTABLE
42c2b8d8 r PUTPIXELTABLE
42c2b8e4 r PhysicalAddr.4011
42c2b984 r PhysicalAddr.4094
42c2b998 r PhysicalAddr.4294
42c2b9ac r block_drvr
42c2b9c4 r boot_os
42c2ba24 r clk_plls
42c2ba48 r crc_table
42c2be48 r dwmci_ops
42c2be5c r env_flags_varaccess_mask
42c2be6c r ext_csd_bits.12400
42c2be80 r ext_to_hostcaps.12401
42c2be9c r f_cmd_seqs
42c2bedc r f_reserve_part
42c2beec r fbase
42c2befc r gs_ConfigDescriptorFS
42c2bf1c r gs_ConfigDescriptorHS
42c2bf3c r multipliers
42c2bf7c R op_adv
42c2c07c r ptable
42c2c10c r uimage_arch
42c2c22c r uimage_comp
42c2c274 r uimage_os
42c2c2e0 r uimage_type
42c2c3d0 r widths.12402
42c2c3e4 r crc16_table
42c2c5e4 r dbase.12321
42c2c624 r dext.12322
42c2c664 r distfix
42c2c6e4 R g_DrexQoS
42c2c6e8 r lbase.12319
42c2c726 r lenfix
42c2cf26 r lext.12320
42c2cf64 r order.12415
42c2d050 r CSWTCH.23
42c2d066 r CSWTCH.24
42c2d069 r CSWTCH.25
42c2d06c r __func__.12151
42c2d07c r __func__.12167
42c2d087 r __func__.12174
42c2d092 r __func__.12303
42c2d0a1 r __func__.12326
42c2d0b0 r __func__.12362
42c2d0c3 r __func__.12371
42c2d0d7 r __func__.12385
42c2d0e7 r __func__.12483
42c2d0f5 r __func__.12518
42c2d103 r __func__.12697
42c2d11f r __func__.12775
42c2d12e R _ctype
42c2d22e R config_full
42c2d237 R config_full_total
42c2d257 R default_environment
42c2d375 r delims.12030
42c2d378 r digits.12033
42c2d388 r dither_pattern5
42c2d3d0 r dither_pattern6
42c2d3e0 R dnw_string_desc1
42c2d3f6 R dnw_string_desc2
42c2d422 r env_flags_varaccess_rep
42c2d427 r env_flags_vartype_rep
42c2d42c r erase_seq
42c2d430 R fboot_string_desc1
42c2d448 R fboot_string_desc2
42c2d460 R fboot_string_desc3
42c2d47c R font8x16
42c2dc7c R g_DispBusSI
42c2dc7f R g_DrexBRB_RD
42c2dc81 R g_DrexBRB_WR
42c2dc83 r hdmiphy_preset148_5
42c2dca3 r hdmiphy_preset74_25
42c2dcc3 r names.12067
42c346ee R string_desc0
42c346f2 r tab_seq
42c346fb V version_string
42c34760 d gs_DeviceDescriptorFS
42c34774 d gs_DeviceDescriptorHS
42c34788 d f_devices
42c34b18 d f_interface
42c34b34 d f_interface
42c34b50 d android_drvier
42c34b54 d f_part_fs
42c34ba4 D parse_part_seqs
42c34bb8 d write_raw_chunk_cb
42c34bbc d timerinit
42c34bc0 d i2c_bus
42c34bc4 d i2c_ptr
42c34bc8 d support_dvfs
42c34bcc d clk_periphs
42c353ec d TIMER_HZ
42c353f0 d TIMER_FREQ
42c353f4 D i2c_devices
42c3543c D test_pkt
42c35474 d mmc_boot_dev
42c35478 d current_brightness
42c3547c d loops
42c35480 d bus_type
42c35484 d lcd_id
42c35488 d wxga_hd702
42c354d4 d hdmi_def
42c35520 d nanopi2_hdmi_config
42c35628 d wsvga_x710
42c35674 d wxga_hd900
42c356c0 d itop_43
42c3570c d qvga_w35
42c35758 d nanopi2_lcd_config
42c359c8 d wvga_s430
42c35a14 d hvga_h43
42c35a60 d wxga_hd700
42c35aac d wvga_s70d
42c35af8 d wxga_hd101
42c35b44 d wsvga_w101
42c35b90 d vga_l80
42c35bdc d xga_lq150
42c35c28 d xga_a97
42c35c74 d wvga_w50
42c35cc0 d wvga_s70
42c35d0c d wxga_bp101
42c35d58 d hvga_p43
42c35da4 d reserved_list
42c35e28 d hist_cur
42c35e2c d init_sequence_f
42c35eb4 D init_sequence_r
42c35f0c d bootm_help_text
42c36154 d cmd_bootm_sub
42c36214 d first_call
42c36218 d first_call
42c3621c D env_name_spec
42c36220 d source_help_text
42c3626e d i2c_help_text
42c36570 d cmd_i2c_sub
42c36690 d i2c_dp_last_length
42c36694 d dp_last_length
42c36698 d curr_device
42c3669c d cmd_mmc
42c36774 d env_help_text
42c36964 d env_id
42c36968 d cmd_env_sub
42c36a28 D env_htab
42c36a38 d av_
42c36e40 d sbrk_base
42c36e44 d trim_threshold
42c36e48 D load_addr
42c36e4c D stdio_names
42c36e58 d cur_dev_num
42c36e5c d pl01x_serial_drv
42c36e8c D baudrate
42c36e90 d fstypes
42c36ef0 d prev_bg_bitmap_index.12632
42c36ef4 D ext4fs_indir3_blkno
42c36ef8 d prev_inode_bitmap_index.12651
42c36efc D ext4fs_indir1_blkno
42c36f00 D ext4fs_indir2_blkno
42c36f04 d prev_bg_bmap_idx.12376
42c36f08 d prev_bg_bmap_idx.12428
42c36f0c d prev_bg_bmap_idx.12396
42c36f10 d prev_bg_bmap_idx.12362
42c36f14 d first_node
42c36f24 D _u_boot_list_2_cmd_2_0
42c36f24 d start.11923
42c36f24 d start.11927
42c36f24 d start.11972
42c36f24 d start.11976
42c36f3c D _u_boot_list_2_cmd_2_1
42c36f54 D _u_boot_list_2_cmd_2_base
42c36f6c D _u_boot_list_2_cmd_2_bdinfo
42c36f84 D _u_boot_list_2_cmd_2_boot
42c36f9c D _u_boot_list_2_cmd_2_bootd
42c36fb4 D _u_boot_list_2_cmd_2_bootm
42c36fcc D _u_boot_list_2_cmd_2_cmd
42c36fe4 D _u_boot_list_2_cmd_2_cmp
42c36ffc D _u_boot_list_2_cmd_2_cp
42c37014 D _u_boot_list_2_cmd_2_crc32
42c3702c D _u_boot_list_2_cmd_2_drawbmp
42c37044 D _u_boot_list_2_cmd_2_env
42c3705c D _u_boot_list_2_cmd_2_exit
42c37074 D _u_boot_list_2_cmd_2_ext4load
42c3708c D _u_boot_list_2_cmd_2_ext4ls
42c370a4 D _u_boot_list_2_cmd_2_ext4write
42c370bc D _u_boot_list_2_cmd_2_fastboot
42c370d4 D _u_boot_list_2_cmd_2_fatinfo
42c370ec D _u_boot_list_2_cmd_2_fatload
42c37104 D _u_boot_list_2_cmd_2_fatls
42c3711c D _u_boot_list_2_cmd_2_fatwrite
42c37134 D _u_boot_list_2_cmd_2_fdisk
42c3714c D _u_boot_list_2_cmd_2_go
42c37164 D _u_boot_list_2_cmd_2_goimage
42c3717c D _u_boot_list_2_cmd_2_help
42c37194 D _u_boot_list_2_cmd_2_i2c
42c371ac D _u_boot_list_2_cmd_2_i2cmod
42c371c4 D _u_boot_list_2_cmd_2_iminfo
42c371dc D _u_boot_list_2_cmd_2_loadbmp
42c371f4 D _u_boot_list_2_cmd_2_loop
42c3720c D _u_boot_list_2_cmd_2_md
42c37224 D _u_boot_list_2_cmd_2_mm
42c3723c D _u_boot_list_2_cmd_2_mmc
42c37254 D _u_boot_list_2_cmd_2_mmcinfo
42c3726c D _u_boot_list_2_cmd_2_mtest
42c37284 D _u_boot_list_2_cmd_2_mw
42c3729c D _u_boot_list_2_cmd_2_nm
42c372b4 D _u_boot_list_2_cmd_2_printenv
42c372cc D _u_boot_list_2_cmd_2_question_mark
42c372e4 D _u_boot_list_2_cmd_2_reset
42c372fc D _u_boot_list_2_cmd_2_run
42c37314 D _u_boot_list_2_cmd_2_saveenv
42c3732c D _u_boot_list_2_cmd_2_setenv
42c37344 D _u_boot_list_2_cmd_2_showvar
42c3735c D _u_boot_list_2_cmd_2_source
42c37374 D _u_boot_list_2_cmd_2_test
42c3738c D _u_boot_list_2_cmd_2_udown
42c373a4 D _u_boot_list_2_cmd_2_update_mmc
42c373bc D _u_boot_list_2_cmd_2_version
42c373d4 D _u_boot_list_2_env_clbk_2_baudrate
42c373d4 d end.11930
42c373d4 d end.11979
42c373d4 d start.12066
42c373d4 d start.12073
42c373dc D _u_boot_list_2_env_clbk_2_callbacks
42c373e4 D _u_boot_list_2_env_clbk_2_console
42c373ec D _u_boot_list_2_env_clbk_2_flags
42c373f4 D _u_boot_list_2_env_clbk_2_loadaddr
42c373fc d end.12069
42c3d054 R _end
42c3d054 R _image_binary_end
42c3e000 B __bss_base
42c3e000 B __bss_start
42c3e000 b params
42c3e004 b _bmp_base
42c3e008 b _lcd_height
42c3e00c b _lcd_width
42c3e010 b _lcd_bpp
42c3e014 b st_lcd_info
42c3e050 b st_msg_info
42c3e094 b pUSBBootStatus
42c3e098 b init_parts.13306
42c3e0a0 b f_status
42c3e0b8 b usb_dev_descript
42c3e0d0 B global_descriptor
42c3e0d4 b stacks
42c3e0ec b core_hz
42c3e128 b clk_devices
42c3e438 b timestamp
42c3e43c b time_lock
42c3e440 b lastdec
42c3e444 b bInit.3971
42c3e448 b __g_pRegister
42c3e44c b __g_pRegister
42c3e450 b __g_pRegister
42c3e454 b __g_pRegister
42c3e458 b __g_pRegister
42c3e46c b __g_pRegister
42c3e470 b __g_pRegister
42c3e474 b __g_pRegister
42c3e478 b __g_pRegister
42c3e47c b __g_pRegister
42c3e480 b bInit.4000
42c3e484 B __g_ModuleVariables
42c3e524 b __g_ModuleVariables
42c3e538 b __g_ModuleVariables
42c3e53c b __g_ModuleVariables
42c3e548 b __g_ModuleVariables
42c3e54c b __g_ModuleVariables
42c3e560 b __g_ModuleVariables
42c3e568 b __g_ModuleVariables
42c3e570 b __g_ModuleVariables
42c3e574 b __g_ModuleVariables
42c3e580 b bInit.4218
42c3e584 b bInit.4323
42c3e588 b bInit.4449
42c3e58c B __g_NX_GPIO_VALID_BIT
42c3e5a0 B __g_NX_GPIO_VALID_INT_MASK
42c3e5b4 b bInit.4280
42c3e5b8 B __g_NX_GPIO_VALID_NUM_OF_INT
42c3e5cc b bInit.3954
42c3e5d0 b bInit.4022
42c3e5d4 b bInit.4020
42c3e5d8 b bInit.4083
42c3e5dc b bInit.4996
42c3e5e0 b bInit.4996
42c3e5e4 b bInit.4135
42c3e5e8 B HDMI_BaseAddr
42c3e5ec b bInit.4095
42c3e5f0 B host
42c3e5f4 b fastboot_interface
42c3e5f8 B fboot_response_flag
42c3e5fc B reply_msg
42c3e600 B get_intf
42c3e601 B get_status
42c3e606 B otg
42c3e68c B remode_wakeup
42c3e690 B op_mode
42c3e694 B s3c_usbd_dn_addr
42c3e698 b s_ep0state
42c3e69c B s3c_usbd_dn_cnt
42c3e6a0 b device_strings
42c3e6b8 B config_value
42c3e6bc B transfer_size
42c3e6c0 b fastboot_bulk_fifo
42c3e8c4 B is_fastboot
42c3e8c8 B s3c_receive_done
42c3e8cc b serial_number.13266
42c3e8ec B speed
42c3e8f0 b params
42c3e8f4 b display_init.12905
42c3e8f8 b lcd_fwrev
42c3e8fc b lcd_idx
42c3e900 b base_rev
42c3e904 b pcb_rev
42c3e908 b flag_repeat
42c3e90c b buf.12423
42c3e934 b the_command.12223
42c3ed38 b ifs
42c3ed3c b last_return_code
42c3ed40 b map
42c3ee40 b do_repeat
42c3ee44 b top_vars
42c3ee48 b hist_list
42c3ee98 b initted.12102
42c3ee9c b hist_lines
42c43eb0 b hist_max
42c43eb4 b hist_add_idx
42c43eb8 b hist_num
42c43ebc B console_buffer
42c442c0 b stored_bootdelay
42c442c4 B monitor_flash_len
42c442c8 B images
42c443f8 b callback_list
42c443fc b flags_list
42c44400 b i2c_mm_last_addr
42c44404 b i2c_mm_last_chip
42c44408 b i2c_mm_last_alen
42c4440c b i2c_dp_last_chip
42c44410 b i2c_dp_last_addr
42c44414 b i2c_dp_last_alen
42c44418 b dp_last_addr
42c4441c b base_address
42c44420 b mm_last_size
42c44424 b mm_last_addr
42c44428 b dp_last_size
42c4442c b ctrlc_was_pressed
42c44430 b ctrlc_disabled
42c44434 b max_total_mem
42c44438 B mem_malloc_brk
42c4443c b max_sbrked_mem
42c44440 b current_mallinfo
42c44468 B mem_malloc_end
42c4446c b top_pad
42c44470 B mem_malloc_start
42c44474 b devs
42c444b0 B stdio_devices
42c444bc b mmc_devices
42c444c4 b serial_devices
42c444c8 b serial_lock
42c444cc b serial_current
42c444d0 b fs_partition
42c44520 b fs_type
42c44524 b fs_dev_desc
42c44528 b fs_lock
42c44530 B ext_fs
42c44578 B ext4fs_indir3_block
42c4457c B ext4fs_root
42c44580 B ext4fs_file
42c44584 B ext4fs_indir3_size
42c44588 B ext4fs_indir1_block
42c4458c B ext4fs_indir2_size
42c44590 B ext4fs_indir2_block
42c44594 B ext4fs_indir1_size
42c44598 b symlinknest
42c4459c B g_parent_inode
42c445a0 b part_info
42c445a4 b ext4fs_block_dev_desc
42c445a8 B part_offset
42c445ac B journal_ptr
42c4473c b revk_blk_list
42c44740 B gindex
42c44744 B gd_index
42c44748 B dirty_block_ptr
42c448d8 b prev_node
42c448dc B jrnl_blk_idx
42c44900 B get_contents_vfatname_block
42c54900 B do_fat_read_at_block
42c64900 B get_dentfromdir_block
42c74900 b empty_dentptr
42c74904 b cur_part_info
42c74954 b total_sector
42c74958 b dir_curclust
42c7495c b num_of_fats
42c74960 b cur_dev
42c74964 B errno
42c74968 B ___strtok
42c7496c b local.12160
42c74984 B __bss_end
42c74984 B __bss_limit
