dwc_otg_hs.c:392:13:s3c_usb_core_soft_reset	0	static
dwc_otg_hs.c:600:13:s3c_usb_write_ep0_fifo	4	static
dwc_otg_hs.c:618:13:s3c_usb_write_in_fifo	4	static
dwc_otg_hs.c:631:13:s3c_usb_read_out_fifo	4	static
dwc_otg_hs.c:576:13:s3c_usb_set_inep_xfersize.part.0	0	static
fastboot.c:102:6:____f_usb_descriptor	0	static
fastboot.c:112:6:fboot_usb_int_bulkin	16	static
fastboot.c:144:6:fboot_usb_int_bulkout	16	static
fastboot.c:165:6:fboot_usb_set_descriptors	8	static
fastboot.c:317:5:fastboot_fifo_size	0	static
fastboot.c:385:5:fastboot_getvar	0	static
dwc_otg_hs.c:478:5:s3c_usbctl_init	24	static
fastboot.c:105:5:fboot_usbctl_init	8	static
fastboot.c:271:5:fastboot_init	24	static
dwc_otg_hs.c:511:5:s3c_usbc_activate	0	static
dwc_otg_hs.c:517:5:s3c_usb_stop	8	static
fastboot.c:312:6:fastboot_shutdown	0	static
dwc_otg_hs.c:1894:5:dwc_otg_get_ep0_state	0	static
dwc_otg_hs.c:1899:6:dwc_otg_clear_ep0_state	0	static
dwc_otg_hs.c:1904:5:s3c_udc_int_hndlr	48	static
fastboot.c:238:6:fboot_usb_int_hndlr	0	static
fastboot.c:329:5:fastboot_poll	8	static
fastboot.c:362:5:fastboot_tx_status	8	static
