i2c_gpio.c:71:13:send_start	16	static
i2c_gpio.c:90:13:send_stop	16	static
i2c_gpio.c:107:12:write_byte	24	static
i2c_gpio.c:399:5:do_i2c_mode	24	static
i2c_gpio.c:68:12:__i2c_gpio_init	0	static
i2c_gpio.c:346:14:i2c_get_bus_num	0	static
i2c_gpio.c:353:5:i2c_set_bus_speed	16	static
i2c_gpio.c:326:5:i2c_set_bus_num	8	static
i2c_gpio.c:380:14:i2c_get_bus_speed	0	static
i2c_gpio.c:388:6:i2c_init	8	static
i2c_gpio.c:185:5:i2c_write	40	static
i2c_gpio.c:258:5:i2c_read	48	static
i2c_gpio.c:301:5:i2c_probe	16	static
