cmd_fastboot.c:1683:13:fboot_reset_handler	0	static
cmd_fastboot.c:1082:13:part_lists_print	56	static
cmd_fastboot.c:920:12:parse_part_address	88	static
cmd_fastboot.c:881:12:parse_part_fs	40	static
cmd_fastboot.c:826:12:parse_part_partition	72	static
cmd_fastboot.c:187:12:mmc_make_parts	1056	static
cmd_fastboot.c:327:12:mmc_part_capacity	56	static
cmd_fastboot.c:212:12:mmc_check_part_table	304	static
cmd_fastboot.c:238:12:mmc_part_write	368	static
cmd_fastboot.c:765:12:parse_part_device	64	static
cmd_fastboot.c:1012:12:part_lists_make	56	static
cmd_fastboot.c:1676:12:fboot_cmd_oem	80	static
cmd_fastboot.c:1669:12:fboot_cmd_erase	80	static
cmd_fastboot.c:1662:12:fboot_cmd_format	80	static
cmd_fastboot.c:1655:12:fboot_cmd_boot	80	static
cmd_fastboot.c:1530:12:fboot_cmd_download	96	static
cmd_fastboot.c:1455:12:fboot_cmd_reboot	8	static
cmd_fastboot.c:1404:12:fboot_setenv.isra.1	1072	static
cmd_fastboot.c:1292:58:f_lcd_start	0	static
cmd_fastboot.c:1293:58:f_lcd_stop	0	static
cmd_fastboot.c:1294:67:f_lcd_part	0	static
cmd_fastboot.c:1461:12:fboot_cmd_getvar	144	static
cmd_fastboot.c:1295:68:f_lcd_flash	0	static
cmd_fastboot.c:1559:12:fboot_cmd_flash	760	static
cmd_fastboot.c:1296:59:f_lcd_down	0	static
cmd_fastboot.c:1709:12:fboot_rx_handler	128	static
cmd_fastboot.c:1297:62:f_lcd_status	0	static
cmd_fastboot.c:1858:12:do_fastboot	96	static
cmd_fastboot.c:1838:6:fboot_usb_descriptor	16	static
